2025-04-16 09:04:58 +0000  Initial pipeline context: <IDEDistributionProcessingPipelineContext: 0x34cf862a0; archive(resolved)="<IDEArchive: 0x600023f11260>", distributionTask(resolved)="2", distributionDestination(resolved)="1", distributionMethod(resolved)="<IDEDistributionMethodDevelopmentSigned: 0x60000d6cb530>", team(resolved)="<IDEProvisioningDisambiguatableBasicTeam: 0x600004ca8a40; teamID='457Z87HK84', teamName='zhiyong jie', teamType='Individual', username='823425525@qq.com', isFreeProvisioningTeam='0'>">
	Chain (16, self inclusive):
	<IDEDistributionProcessingPipelineContext: 0x34cf862a0; archive = "<IDEArchive: 0x600023f11260>", distributionMethod="<IDEDistributionMethodDevelopmentSigned: 0x60000d6cb530>", team="<IDEProvisioningDisambiguatableBasicTeam: 0x600004ca8a40; teamID='457Z87HK84', teamName='zhiyong jie', teamType='Individual', username='823425525@qq.com', isFreeProvisioningTeam='0'>">
	<IDEDistributionProcessingPipelineContext: 0x3457c8a90; archive = "<IDEArchive: 0x600023f11260>", distributionMethod="<IDEDistributionMethodDevelopmentSigned: 0x60000d6cb530>", team="<IDEProvisioningDisambiguatableBasicTeam: 0x600004ca8a40; teamID='457Z87HK84', teamName='zhiyong jie', teamType='Individual', username='823425525@qq.com', isFreeProvisioningTeam='0'>">
	<IDEDistributionContext: 0x3484a31d0; archive = "<IDEArchive: 0x600023f11260>", distributionMethod="<IDEDistributionMethodDevelopmentSigned: 0x60000d6cb530>", team="<IDEProvisioningDisambiguatableBasicTeam: 0x600004ca8a40; teamID='457Z87HK84', teamName='zhiyong jie', teamType='Individual', username='823425525@qq.com', isFreeProvisioningTeam='0'>">
	<IDEDistributionContext: 0x348498940; archive = "<IDEArchive: 0x600023f11260>", distributionMethod="<IDEDistributionMethodDevelopmentSigned: 0x60000d6cb530>", team="<IDEProvisioningDisambiguatableBasicTeam: 0x600004ca8a40; teamID='457Z87HK84', teamName='zhiyong jie', teamType='Individual', username='823425525@qq.com', isFreeProvisioningTeam='0'>">
	<IDEDistributionContext: 0x348498040; archive = "<IDEArchive: 0x600023f11260>", distributionMethod="<IDEDistributionMethodDevelopmentSigned: 0x60000d6cb530>", team="<IDEProvisioningDisambiguatableBasicTeam: 0x600004ca8a40; teamID='457Z87HK84', teamName='zhiyong jie', teamType='Individual', username='823425525@qq.com', isFreeProvisioningTeam='0'>">
	<IDEDistributionContext: 0x3484a8390; archive = "<IDEArchive: 0x600023f11260>", distributionMethod="<IDEDistributionMethodDevelopmentSigned: 0x60000d6cb530>", team="<IDEProvisioningDisambiguatableBasicTeam: 0x600004ca8a40; teamID='457Z87HK84', teamName='zhiyong jie', teamType='Individual', username='823425525@qq.com', isFreeProvisioningTeam='0'>">
	<IDEDistributionContext: 0x34849e2c0; archive = "<IDEArchive: 0x600023f11260>", distributionMethod="<IDEDistributionMethodDevelopmentSigned: 0x60000d6cb530>", team="<IDEProvisioningDisambiguatableBasicTeam: 0x600004ca8a40; teamID='457Z87HK84', teamName='zhiyong jie', teamType='Individual', username='823425525@qq.com', isFreeProvisioningTeam='0'>">
	<IDEDistributionContext: 0x3484a7cb0; archive = "<IDEArchive: 0x600023f11260>", distributionMethod="<IDEDistributionMethodDevelopmentSigned: 0x60000d6cb530>", team="<IDEProvisioningDisambiguatableBasicTeam: 0x600004ca8a40; teamID='457Z87HK84', teamName='zhiyong jie', teamType='Individual', username='823425525@qq.com', isFreeProvisioningTeam='0'>">
	<IDEDistributionContext: 0x3484a7aa0; archive = "<IDEArchive: 0x600023f11260>", distributionMethod="<IDEDistributionMethodDevelopmentSigned: 0x60000d6cb530>", team="<IDEProvisioningDisambiguatableBasicTeam: 0x600004ca8a40; teamID='457Z87HK84', teamName='zhiyong jie', teamType='Individual', username='823425525@qq.com', isFreeProvisioningTeam='0'>">
	<IDEDistributionContext: 0x3484a7890; archive = "<IDEArchive: 0x600023f11260>", distributionMethod="<IDEDistributionMethodDevelopmentSigned: 0x60000d6cb530>", team="(null)">
	<IDEDistributionContext: 0x34cf06a00; archive = "<IDEArchive: 0x600023f11260>", distributionMethod="<IDEDistributionMethodDevelopmentSigned: 0x60000d6cb530>", team="(null)">
	<IDEDistributionContext: 0x3456a66a0; archive = "<IDEArchive: 0x600023f11260>", distributionMethod="<IDEDistributionMethodDevelopmentSigned: 0x60000d6cb530>", team="(null)">
	<IDEDistributionContext: 0x33d9a8ee0; archive = "<IDEArchive: 0x600023f11260>", distributionMethod="<IDEDistributionMethodDevelopmentSigned: 0x60000d6cb530>", team="(null)">
	<IDEDistributionContext: 0x3456f0f00; archive = "<IDEArchive: 0x600023f11260>", distributionMethod="(null)", team="(null)">
	<IDEDistributionContext: 0x348418cc0; archive = "<IDEArchive: 0x600023f11260>", distributionMethod="(null)", team="(null)">
	<IDEDistributionContext: 0x348420db0; archive = "<IDEArchive: 0x600023f11260>", distributionMethod="(null)", team="(null)">
</IDEDistributionProcessingPipelineContext: 0x34cf862a0>
2025-04-16 09:04:58 +0000  Processing step: IDEDistributionCreateDestRootStep
2025-04-16 09:04:58 +0000  Processing step: IDEDistributionCopyItemStep
2025-04-16 09:04:58 +0000  Running /usr/bin/ditto '-V' '/Users/jiezhiyong/Library/Developer/Xcode/Archives/2025-04-16/ChatQA 2025-4-16, 17.02.xcarchive/Products/Applications/ChatQA.app' '/var/folders/61/v18llvms1tbdtpxxpx54qdvr0000gn/T/XcodeDistPipeline.~~~Ohjezl/Root/Payload/ChatQA.app'
2025-04-16 09:04:58 +0000  >>> Copying /Users/jiezhiyong/Library/Developer/Xcode/Archives/2025-04-16/ChatQA 2025-4-16, 17.02.xcarchive/Products/Applications/ChatQA.app 
2025-04-16 09:04:58 +0000  copying file ./_CodeSignature/CodeResources ... 
2025-04-16 09:04:58 +0000  40375 bytes for ./_CodeSignature/CodeResources
2025-04-16 09:04:58 +0000  copying file ./www.bundle/partial-react-logo.png ... 
2025-04-16 09:04:58 +0000  5075 bytes for ./www.bundle/partial-react-logo.png
copying file ./www.bundle/logo512.png ... 
2025-04-16 09:04:58 +0000  0 bytes for ./www.bundle/logo512.png
2025-04-16 09:04:58 +0000  copying file ./www.bundle/_expo/static/js/web/entry-6e1655aa05d4cfc9d7c3e6fb67f8fa31.js ... 
2025-04-16 09:04:58 +0000  830489 bytes for ./www.bundle/_expo/static/js/web/entry-6e1655aa05d4cfc9d7c3e6fb67f8fa31.js
2025-04-16 09:04:58 +0000  copying file ./www.bundle/_expo/static/js/web/entry-6e1655aa05d4cfc9d7c3e6fb67f8fa31.js.map ... 
2025-04-16 09:04:58 +0000  3295516 bytes for ./www.bundle/_expo/static/js/web/entry-6e1655aa05d4cfc9d7c3e6fb67f8fa31.js.map
2025-04-16 09:04:58 +0000  copying file ./www.bundle/. well-known/apple-app-site-association ... 
2025-04-16 09:04:58 +0000  493 bytes for ./www.bundle/. well-known/apple-app-site-association
2025-04-16 09:04:58 +0000  copying file ./www.bundle/. well-known/assetlinks.json ... 
2025-04-16 09:04:58 +0000  320 bytes for ./www.bundle/. well-known/assetlinks.json
2025-04-16 09:04:58 +0000  copying file ./www.bundle/manifest.json ... 
2025-04-16 09:04:58 +0000  472 bytes for ./www.bundle/manifest.json
2025-04-16 09:04:58 +0000  copying file ./www.bundle/assets/node_modules/@react-navigation/elements/lib/module/assets/close-icon.808e1b1b9b53114ec2838071a7e6daa7@4x.png ... 
2025-04-16 09:04:58 +0000  332 bytes for ./www.bundle/assets/node_modules/@react-navigation/elements/lib/module/assets/close-icon.808e1b1b9b53114ec2838071a7e6daa7@4x.png
2025-04-16 09:04:58 +0000  copying file ./www.bundle/assets/node_modules/@react-navigation/elements/lib/module/assets/clear-icon.c94f6478e7ae0cdd9f15de1fcb9e5e55@4x.png ... 
2025-04-16 09:04:58 +0000  645 bytes for ./www.bundle/assets/node_modules/@react-navigation/elements/lib/module/assets/clear-icon.c94f6478e7ae0cdd9f15de1fcb9e5e55@4x.png
2025-04-16 09:04:58 +0000  copying file ./www.bundle/assets/node_modules/@react-navigation/elements/lib/module/assets/search-icon.286d67d3f74808a60a78d3ebf1a5fb57.png ... 
2025-04-16 09:04:58 +0000  928 bytes for ./www.bundle/assets/node_modules/@react-navigation/elements/lib/module/assets/search-icon.286d67d3f74808a60a78d3ebf1a5fb57.png
2025-04-16 09:04:58 +0000  copying file ./www.bundle/assets/node_modules/@react-navigation/elements/lib/module/assets/clear-icon.c94f6478e7ae0cdd9f15de1fcb9e5e55@3x.png ... 
2025-04-16 09:04:58 +0000  502 bytes for ./www.bundle/assets/node_modules/@react-navigation/elements/lib/module/assets/clear-icon.c94f6478e7ae0cdd9f15de1fcb9e5e55@3x.png
2025-04-16 09:04:58 +0000  copying file ./www.bundle/assets/node_modules/@react-navigation/elements/lib/module/assets/close-icon.808e1b1b9b53114ec2838071a7e6daa7@2x.png ... 
2025-04-16 09:04:58 +0000  201 bytes for ./www.bundle/assets/node_modules/@react-navigation/elements/lib/module/assets/close-icon.808e1b1b9b53114ec2838071a7e6daa7@2x.png
2025-04-16 09:04:58 +0000  copying file ./www.bundle/assets/node_modules/@react-navigation/elements/lib/module/assets/close-icon.808e1b1b9b53114ec2838071a7e6daa7@3x.png ... 
2025-04-16 09:04:58 +0000  266 bytes for ./www.bundle/assets/node_modules/@react-navigation/elements/lib/module/assets/close-icon.808e1b1b9b53114ec2838071a7e6daa7@3x.png
2025-04-16 09:04:58 +0000  copying file ./www.bundle/assets/node_modules/@react-navigation/elements/lib/module/assets/close-icon.808e1b1b9b53114ec2838071a7e6daa7.png ... 
2025-04-16 09:04:58 +0000  141 bytes for ./www.bundle/assets/node_modules/@react-navigation/elements/lib/module/assets/close-icon.808e1b1b9b53114ec2838071a7e6daa7.png
2025-04-16 09:04:58 +0000  copying file ./www.bundle/assets/node_modules/@react-navigation/elements/lib/module/assets/clear-icon.c94f6478e7ae0cdd9f15de1fcb9e5e55@2x.png ... 
2025-04-16 09:04:58 +0000  334 bytes for ./www.bundle/assets/node_modules/@react-navigation/elements/lib/module/assets/clear-icon.c94f6478e7ae0cdd9f15de1fcb9e5e55@2x.png
2025-04-16 09:04:58 +0000  copying file ./www.bundle/assets/node_modules/@react-navigation/elements/lib/module/assets/back-icon.35ba0eaec5a4f5ed12ca16fabeae451d.png ... 
2025-04-16 09:04:58 +0000  207 bytes for ./www.bundle/assets/node_modules/@react-navigation/elements/lib/module/assets/back-icon.35ba0eaec5a4f5ed12ca16fabeae451d.png
2025-04-16 09:04:58 +0000  copying file ./www.bundle/assets/node_modules/@react-navigation/elements/lib/module/assets/back-icon-mask.0a328cd9c1afd0afe8e3b1ec5165b1b4.png ... 
2025-04-16 09:04:58 +0000  653 bytes for ./www.bundle/assets/node_modules/@react-navigation/elements/lib/module/assets/back-icon-mask.0a328cd9c1afd0afe8e3b1ec5165b1b4.png
2025-04-16 09:04:58 +0000  copying file ./www.bundle/assets/node_modules/@react-navigation/elements/lib/module/assets/clear-icon.c94f6478e7ae0cdd9f15de1fcb9e5e55.png ... 
2025-04-16 09:04:58 +0000  220 bytes for ./www.bundle/assets/node_modules/@react-navigation/elements/lib/module/assets/clear-icon.c94f6478e7ae0cdd9f15de1fcb9e5e55.png
2025-04-16 09:04:58 +0000  copying file ./www.bundle/assets/node_modules/@expo/metro-runtime/assets/close.369745d4a4a6fa62fa0ed495f89aa964.png ... 
2025-04-16 09:04:58 +0000  187 bytes for ./www.bundle/assets/node_modules/@expo/metro-runtime/assets/close.369745d4a4a6fa62fa0ed495f89aa964.png
copying file ./www.bundle/assets/node_modules/@expo/metro-runtime/assets/chevron-left.5b50965d3dfbc518fe50ce36c314a6ec.png ... 
126 bytes for ./www.bundle/assets/node_modules/@expo/metro-runtime/assets/chevron-left.5b50965d3dfbc518fe50ce36c314a6ec.png
copying file ./www.bundle/assets/node_modules/@expo/metro-runtime/assets/alert-triangle.4f355ba1efca4b9c0e7a6271af047f61.png ... 
609 bytes for ./www.bundle/assets/node_modules/@expo/metro-runtime/assets/alert-triangle.4f355ba1efca4b9c0e7a6271af047f61.png
copying file ./www.bundle/assets/node_modules/@expo/metro-runtime/assets/loader.817aca47ff3cea63020753d336e628a4.png ... 
2025-04-16 09:04:58 +0000  282 bytes for ./www.bundle/assets/node_modules/@expo/metro-runtime/assets/loader.817aca47ff3cea63020753d336e628a4.png
2025-04-16 09:04:58 +0000  copying file ./www.bundle/assets/node_modules/@expo/metro-runtime/assets/chevron-right.e62addcde857ebdb7342e6b9f1095e97.png ... 
2025-04-16 09:04:58 +0000  123 bytes for ./www.bundle/assets/node_modules/@expo/metro-runtime/assets/chevron-right.e62addcde857ebdb7342e6b9f1095e97.png
2025-04-16 09:04:58 +0000  copying file ./www.bundle/assets/node_modules/expo-router/assets/forward.d8b800c443b8972542883e0b9de2bdc6.png ... 
2025-04-16 09:04:58 +0000  188 bytes for ./www.bundle/assets/node_modules/expo-router/assets/forward.d8b800c443b8972542883e0b9de2bdc6.png
2025-04-16 09:04:58 +0000  copying file ./www.bundle/assets/node_modules/expo-router/assets/unmatched.20e71bdf79e3a97bf55fd9e164041578.png ... 
2025-04-16 09:04:58 +0000  4752 bytes for ./www.bundle/assets/node_modules/expo-router/assets/unmatched.20e71bdf79e3a97bf55fd9e164041578.png
2025-04-16 09:04:58 +0000  copying file ./www.bundle/assets/node_modules/expo-router/assets/error.d1ea1496f9057eb392d5bbf3732a61b7.png ... 
2025-04-16 09:04:58 +0000  469 bytes for ./www.bundle/assets/node_modules/expo-router/assets/error.d1ea1496f9057eb392d5bbf3732a61b7.png
2025-04-16 09:04:58 +0000  copying file ./www.bundle/assets/node_modules/expo-router/assets/pkg.ab19f4cbc543357183a20571f68380a3.png ... 
2025-04-16 09:04:58 +0000  364 bytes for ./www.bundle/assets/node_modules/expo-router/assets/pkg.ab19f4cbc543357183a20571f68380a3.png
2025-04-16 09:04:58 +0000  copying file ./www.bundle/assets/node_modules/expo-router/assets/sitemap.412dd9275b6b48ad28f5e3d81bb1f626.png ... 
2025-04-16 09:04:58 +0000  465 bytes for ./www.bundle/assets/node_modules/expo-router/assets/sitemap.412dd9275b6b48ad28f5e3d81bb1f626.png
2025-04-16 09:04:58 +0000  copying file ./www.bundle/assets/node_modules/expo-router/assets/file.19eeb73b9593a38f8e9f418337fc7d10.png ... 
2025-04-16 09:04:58 +0000  138 bytes for ./www.bundle/assets/node_modules/expo-router/assets/file.19eeb73b9593a38f8e9f418337fc7d10.png
2025-04-16 09:04:58 +0000  copying file ./www.bundle/caa6c777f3c2c9077394ecce706f43ed.html ... 
2025-04-16 09:04:58 +0000  913 bytes for ./www.bundle/caa6c777f3c2c9077394ecce706f43ed.html
2025-04-16 09:04:58 +0000  copying file ./www.bundle/logo192.png ... 
2025-04-16 09:04:58 +0000  0 bytes for ./www.bundle/logo192.png
2025-04-16 09:04:58 +0000  copying file ./SplashScreen.storyboardc/EXPO-VIEWCONTROLLER-1-view-EXPO-ContainerView.nib ... 
2025-04-16 09:04:58 +0000  2108 bytes for ./SplashScreen.storyboardc/EXPO-VIEWCONTROLLER-1-view-EXPO-ContainerView.nib
2025-04-16 09:04:58 +0000  copying file ./SplashScreen.storyboardc/SplashScreenViewController.nib ... 
2025-04-16 09:04:58 +0000  1004 bytes for ./SplashScreen.storyboardc/SplashScreenViewController.nib
copying file ./SplashScreen.storyboardc/Info.plist ... 
2025-04-16 09:04:58 +0000  225 bytes for ./SplashScreen.storyboardc/Info.plist
2025-04-16 09:04:58 +0000  copying file ./ExpoSystemUI_privacy.bundle/PrivacyInfo.xcprivacy ... 
2025-04-16 09:04:58 +0000  607 bytes for ./ExpoSystemUI_privacy.bundle/PrivacyInfo.xcprivacy
2025-04-16 09:04:58 +0000  copying file ./ExpoSystemUI_privacy.bundle/Info.plist ... 
2025-04-16 09:04:58 +0000  789 bytes for ./ExpoSystemUI_privacy.bundle/Info.plist
2025-04-16 09:04:58 +0000  copying file ./glog_privacy.bundle/Info.plist ... 
2025-04-16 09:04:58 +0000  771 bytes for ./glog_privacy.bundle/Info.plist
2025-04-16 09:04:58 +0000  copying file ./Sentry.bundle/PrivacyInfo.xcprivacy ... 
2025-04-16 09:04:58 +0000  2108 bytes for ./Sentry.bundle/PrivacyInfo.xcprivacy
2025-04-16 09:04:58 +0000  copying file ./Sentry.bundle/Info.plist ... 
2025-04-16 09:04:58 +0000  760 bytes for ./Sentry.bundle/Info.plist
2025-04-16 09:04:58 +0000  copying file ./ExpoLocalization_privacy.bundle/PrivacyInfo.xcprivacy ... 
2025-04-16 09:04:58 +0000  607 bytes for ./ExpoLocalization_privacy.bundle/PrivacyInfo.xcprivacy
2025-04-16 09:04:58 +0000  copying file ./ExpoLocalization_privacy.bundle/Info.plist ... 
2025-04-16 09:04:58 +0000  798 bytes for ./ExpoLocalization_privacy.bundle/Info.plist
2025-04-16 09:04:58 +0000  copying file ./AppIcon60x60@2x.png ... 
2025-04-16 09:04:58 +0000  7595 bytes for ./AppIcon60x60@2x.png
2025-04-16 09:04:58 +0000  copying file ./ExpoConstants_privacy.bundle/PrivacyInfo.xcprivacy ... 
2025-04-16 09:04:58 +0000  607 bytes for ./ExpoConstants_privacy.bundle/PrivacyInfo.xcprivacy
2025-04-16 09:04:58 +0000  copying file ./ExpoConstants_privacy.bundle/Info.plist ... 
2025-04-16 09:04:58 +0000  792 bytes for ./ExpoConstants_privacy.bundle/Info.plist
2025-04-16 09:04:58 +0000  copying file ./React-cxxreact_privacy.bundle/PrivacyInfo.xcprivacy ... 
2025-04-16 09:04:58 +0000  552 bytes for ./React-cxxreact_privacy.bundle/PrivacyInfo.xcprivacy
2025-04-16 09:04:58 +0000  copying file ./React-cxxreact_privacy.bundle/Info.plist ... 
2025-04-16 09:04:58 +0000  794 bytes for ./React-cxxreact_privacy.bundle/Info.plist
2025-04-16 09:04:58 +0000  copying file ./GoogleService-Info.plist ... 
2025-04-16 09:04:58 +0000  477 bytes for ./GoogleService-Info.plist
2025-04-16 09:04:58 +0000  copying file ./ExpoApplication_privacy.bundle/PrivacyInfo.xcprivacy ... 
2025-04-16 09:04:58 +0000  608 bytes for ./ExpoApplication_privacy.bundle/PrivacyInfo.xcprivacy
2025-04-16 09:04:58 +0000  copying file ./ExpoApplication_privacy.bundle/Info.plist ... 
2025-04-16 09:04:58 +0000  795 bytes for ./ExpoApplication_privacy.bundle/Info.plist
2025-04-16 09:04:58 +0000  copying file ./ChatQA ... 
2025-04-16 09:04:58 +0000  12527888 bytes for ./ChatQA
2025-04-16 09:04:58 +0000  copying file ./RCT-Folly_privacy.bundle/Info.plist ... 
2025-04-16 09:04:58 +0000  788 bytes for ./RCT-Folly_privacy.bundle/Info.plist
2025-04-16 09:04:58 +0000  copying file ./Assets.car ... 
2025-04-16 09:04:58 +0000  184960 bytes for ./Assets.car
2025-04-16 09:04:58 +0000  copying file ./AppIcon76x76@2x~ipad.png ... 
2025-04-16 09:04:58 +0000  9633 bytes for ./AppIcon76x76@2x~ipad.png
2025-04-16 09:04:58 +0000  copying file ./main.jsbundle ... 
2025-04-16 09:04:58 +0000  3169108 bytes for ./main.jsbundle
2025-04-16 09:04:58 +0000  copying file ./EXConstants.bundle/app.config ... 
2025-04-16 09:04:58 +0000  3153 bytes for ./EXConstants.bundle/app.config
2025-04-16 09:04:58 +0000  copying file ./EXConstants.bundle/Info.plist ... 
2025-04-16 09:04:58 +0000  770 bytes for ./EXConstants.bundle/Info.plist
2025-04-16 09:04:58 +0000  copying file ./SDWebImage.bundle/PrivacyInfo.xcprivacy ... 
2025-04-16 09:04:58 +0000  599 bytes for ./SDWebImage.bundle/PrivacyInfo.xcprivacy
2025-04-16 09:04:58 +0000  copying file ./SDWebImage.bundle/Info.plist ... 
2025-04-16 09:04:58 +0000  767 bytes for ./SDWebImage.bundle/Info.plist
2025-04-16 09:04:58 +0000  copying file ./ExpoDevice_privacy.bundle/PrivacyInfo.xcprivacy ... 
2025-04-16 09:04:58 +0000  609 bytes for ./ExpoDevice_privacy.bundle/PrivacyInfo.xcprivacy
2025-04-16 09:04:58 +0000  copying file ./ExpoDevice_privacy.bundle/Info.plist ... 
2025-04-16 09:04:58 +0000  785 bytes for ./ExpoDevice_privacy.bundle/Info.plist
2025-04-16 09:04:58 +0000  copying file ./PrivacyInfo.xcprivacy ... 
2025-04-16 09:04:58 +0000  1330 bytes for ./PrivacyInfo.xcprivacy
2025-04-16 09:04:58 +0000  copying file ./ExpoNotifications_privacy.bundle/PrivacyInfo.xcprivacy ... 
2025-04-16 09:04:58 +0000  607 bytes for ./ExpoNotifications_privacy.bundle/PrivacyInfo.xcprivacy
2025-04-16 09:04:58 +0000  copying file ./ExpoNotifications_privacy.bundle/Info.plist ... 
2025-04-16 09:04:58 +0000  801 bytes for ./ExpoNotifications_privacy.bundle/Info.plist
2025-04-16 09:04:58 +0000  copying file ./ExpoMediaLibrary_privacy.bundle/PrivacyInfo.xcprivacy ... 
2025-04-16 09:04:58 +0000  608 bytes for ./ExpoMediaLibrary_privacy.bundle/PrivacyInfo.xcprivacy
2025-04-16 09:04:58 +0000  copying file ./ExpoMediaLibrary_privacy.bundle/Info.plist ... 
2025-04-16 09:04:58 +0000  798 bytes for ./ExpoMediaLibrary_privacy.bundle/Info.plist
2025-04-16 09:04:58 +0000  copying file ./ExpoFileSystem_privacy.bundle/PrivacyInfo.xcprivacy ... 
2025-04-16 09:04:58 +0000  877 bytes for ./ExpoFileSystem_privacy.bundle/PrivacyInfo.xcprivacy
2025-04-16 09:04:58 +0000  copying file ./ExpoFileSystem_privacy.bundle/Info.plist ... 
2025-04-16 09:04:58 +0000  795 bytes for ./ExpoFileSystem_privacy.bundle/Info.plist
2025-04-16 09:04:58 +0000  copying file ./boost_privacy.bundle/Info.plist ... 
2025-04-16 09:04:58 +0000  774 bytes for ./boost_privacy.bundle/Info.plist
2025-04-16 09:04:58 +0000  copying file ./modules.json ... 
2025-04-16 09:04:58 +0000  2 bytes for ./modules.json
2025-04-16 09:04:58 +0000  copying file ./Frameworks/hermes.framework/_CodeSignature/CodeResources ... 
2025-04-16 09:04:58 +0000  1798 bytes for ./Frameworks/hermes.framework/_CodeSignature/CodeResources
2025-04-16 09:04:58 +0000  copying file ./Frameworks/hermes.framework/hermes ... 
2025-04-16 09:04:58 +0000  4616864 bytes for ./Frameworks/hermes.framework/hermes
2025-04-16 09:04:58 +0000  copying file ./Frameworks/hermes.framework/Info.plist ... 
2025-04-16 09:04:58 +0000  859 bytes for ./Frameworks/hermes.framework/Info.plist
2025-04-16 09:04:58 +0000  copying file ./embedded.mobileprovision ... 
2025-04-16 09:04:58 +0000  12642 bytes for ./embedded.mobileprovision
2025-04-16 09:04:58 +0000  copying file ./assets/node_modules/@react-navigation/drawer/node_modules/@react-navigation/elements/lib/module/assets/back-icon@3x.png ... 
2025-04-16 09:04:58 +0000  761 bytes for ./assets/node_modules/@react-navigation/drawer/node_modules/@react-navigation/elements/lib/module/assets/back-icon@3x.png
2025-04-16 09:04:58 +0000  copying file ./assets/node_modules/@react-navigation/drawer/node_modules/@react-navigation/elements/lib/module/assets/back-icon@2x.png ... 
2025-04-16 09:04:58 +0000  405 bytes for ./assets/node_modules/@react-navigation/drawer/node_modules/@react-navigation/elements/lib/module/assets/back-icon@2x.png
2025-04-16 09:04:58 +0000  copying file ./assets/node_modules/@react-navigation/drawer/node_modules/@react-navigation/elements/lib/module/assets/search-icon@2x.png ... 
2025-04-16 09:04:58 +0000  589 bytes for ./assets/node_modules/@react-navigation/drawer/node_modules/@react-navigation/elements/lib/module/assets/search-icon@2x.png
2025-04-16 09:04:58 +0000  copying file ./assets/node_modules/@react-navigation/drawer/node_modules/@react-navigation/elements/lib/module/assets/clear-icon@3x.png ... 
2025-04-16 09:04:58 +0000  502 bytes for ./assets/node_modules/@react-navigation/drawer/node_modules/@react-navigation/elements/lib/module/assets/clear-icon@3x.png
2025-04-16 09:04:58 +0000  copying file ./assets/node_modules/@react-navigation/drawer/node_modules/@react-navigation/elements/lib/module/assets/back-icon.png ... 
2025-04-16 09:04:58 +0000  290 bytes for ./assets/node_modules/@react-navigation/drawer/node_modules/@react-navigation/elements/lib/module/assets/back-icon.png
2025-04-16 09:04:58 +0000  copying file ./assets/node_modules/@react-navigation/drawer/node_modules/@react-navigation/elements/lib/module/assets/clear-icon@2x.png ... 
2025-04-16 09:04:58 +0000  334 bytes for ./assets/node_modules/@react-navigation/drawer/node_modules/@react-navigation/elements/lib/module/assets/clear-icon@2x.png
2025-04-16 09:04:58 +0000  copying file ./assets/node_modules/@react-navigation/drawer/node_modules/@react-navigation/elements/lib/module/assets/search-icon@3x.png ... 
2025-04-16 09:04:58 +0000  839 bytes for ./assets/node_modules/@react-navigation/drawer/node_modules/@react-navigation/elements/lib/module/assets/search-icon@3x.png
2025-04-16 09:04:58 +0000  copying file ./assets/node_modules/@react-navigation/drawer/node_modules/@react-navigation/elements/lib/module/assets/back-icon-mask.png ... 
2025-04-16 09:04:58 +0000  653 bytes for ./assets/node_modules/@react-navigation/drawer/node_modules/@react-navigation/elements/lib/module/assets/back-icon-mask.png
2025-04-16 09:04:58 +0000  copying file ./assets/node_modules/@react-navigation/drawer/node_modules/@react-navigation/elements/lib/module/assets/clear-icon.png ... 
2025-04-16 09:04:58 +0000  220 bytes for ./assets/node_modules/@react-navigation/drawer/node_modules/@react-navigation/elements/lib/module/assets/clear-icon.png
2025-04-16 09:04:58 +0000  copying file ./assets/node_modules/@react-navigation/drawer/node_modules/@react-navigation/elements/lib/module/assets/search-icon.png ... 
2025-04-16 09:04:58 +0000  317 bytes for ./assets/node_modules/@react-navigation/drawer/node_modules/@react-navigation/elements/lib/module/assets/search-icon.png
2025-04-16 09:04:58 +0000  copying file ./assets/node_modules/@react-navigation/drawer/lib/module/views/assets/toggle-drawer-icon@3x.png ... 
2025-04-16 09:04:58 +0000  212 bytes for ./assets/node_modules/@react-navigation/drawer/lib/module/views/assets/toggle-drawer-icon@3x.png
2025-04-16 09:04:58 +0000  copying file ./assets/node_modules/@react-navigation/drawer/lib/module/views/assets/toggle-drawer-icon@2x.png ... 
2025-04-16 09:04:58 +0000  163 bytes for ./assets/node_modules/@react-navigation/drawer/lib/module/views/assets/toggle-drawer-icon@2x.png
2025-04-16 09:04:58 +0000  copying file ./assets/node_modules/@react-navigation/drawer/lib/module/views/assets/toggle-drawer-icon.png ... 
2025-04-16 09:04:58 +0000  108 bytes for ./assets/node_modules/@react-navigation/drawer/lib/module/views/assets/toggle-drawer-icon.png
2025-04-16 09:04:58 +0000  copying file ./assets/node_modules/@react-navigation/elements/lib/commonjs/assets/back-icon@3x.png ... 
2025-04-16 09:04:58 +0000  761 bytes for ./assets/node_modules/@react-navigation/elements/lib/commonjs/assets/back-icon@3x.png
2025-04-16 09:04:58 +0000  copying file ./assets/node_modules/@react-navigation/elements/lib/commonjs/assets/back-icon@2x.png ... 
2025-04-16 09:04:58 +0000  405 bytes for ./assets/node_modules/@react-navigation/elements/lib/commonjs/assets/back-icon@2x.png
2025-04-16 09:04:58 +0000  copying file ./assets/node_modules/@react-navigation/elements/lib/commonjs/assets/search-icon@2x.png ... 
2025-04-16 09:04:58 +0000  589 bytes for ./assets/node_modules/@react-navigation/elements/lib/commonjs/assets/search-icon@2x.png
2025-04-16 09:04:58 +0000  copying file ./assets/node_modules/@react-navigation/elements/lib/commonjs/assets/clear-icon@3x.png ... 
2025-04-16 09:04:58 +0000  502 bytes for ./assets/node_modules/@react-navigation/elements/lib/commonjs/assets/clear-icon@3x.png
2025-04-16 09:04:58 +0000  copying file ./assets/node_modules/@react-navigation/elements/lib/commonjs/assets/back-icon.png ... 
2025-04-16 09:04:58 +0000  290 bytes for ./assets/node_modules/@react-navigation/elements/lib/commonjs/assets/back-icon.png
2025-04-16 09:04:58 +0000  copying file ./assets/node_modules/@react-navigation/elements/lib/commonjs/assets/clear-icon@2x.png ... 
2025-04-16 09:04:58 +0000  334 bytes for ./assets/node_modules/@react-navigation/elements/lib/commonjs/assets/clear-icon@2x.png
2025-04-16 09:04:58 +0000  copying file ./assets/node_modules/@react-navigation/elements/lib/commonjs/assets/search-icon@3x.png ... 
2025-04-16 09:04:58 +0000  839 bytes for ./assets/node_modules/@react-navigation/elements/lib/commonjs/assets/search-icon@3x.png
2025-04-16 09:04:58 +0000  copying file ./assets/node_modules/@react-navigation/elements/lib/commonjs/assets/close-icon.png ... 
2025-04-16 09:04:58 +0000  141 bytes for ./assets/node_modules/@react-navigation/elements/lib/commonjs/assets/close-icon.png
2025-04-16 09:04:58 +0000  copying file ./assets/node_modules/@react-navigation/elements/lib/commonjs/assets/back-icon-mask.png ... 
2025-04-16 09:04:58 +0000  653 bytes for ./assets/node_modules/@react-navigation/elements/lib/commonjs/assets/back-icon-mask.png
2025-04-16 09:04:58 +0000  copying file ./assets/node_modules/@react-navigation/elements/lib/commonjs/assets/close-icon@2x.png ... 
2025-04-16 09:04:58 +0000  201 bytes for ./assets/node_modules/@react-navigation/elements/lib/commonjs/assets/close-icon@2x.png
2025-04-16 09:04:58 +0000  copying file ./assets/node_modules/@react-navigation/elements/lib/commonjs/assets/close-icon@3x.png ... 
2025-04-16 09:04:58 +0000  266 bytes for ./assets/node_modules/@react-navigation/elements/lib/commonjs/assets/close-icon@3x.png
2025-04-16 09:04:58 +0000  copying file ./assets/node_modules/@react-navigation/elements/lib/commonjs/assets/clear-icon.png ... 
2025-04-16 09:04:58 +0000  220 bytes for ./assets/node_modules/@react-navigation/elements/lib/commonjs/assets/clear-icon.png
2025-04-16 09:04:58 +0000  copying file ./assets/node_modules/@react-navigation/elements/lib/commonjs/assets/search-icon.png ... 
2025-04-16 09:04:58 +0000  317 bytes for ./assets/node_modules/@react-navigation/elements/lib/commonjs/assets/search-icon.png
2025-04-16 09:04:58 +0000  copying file ./assets/node_modules/@expo/vector-icons/build/vendor/react-native-vector-icons/Fonts/Ionicons.ttf ... 
2025-04-16 09:04:58 +0000  442604 bytes for ./assets/node_modules/@expo/vector-icons/build/vendor/react-native-vector-icons/Fonts/Ionicons.ttf
2025-04-16 09:04:58 +0000  copying file ./assets/node_modules/@expo/vector-icons/build/vendor/react-native-vector-icons/Fonts/FontAwesome.ttf ... 
2025-04-16 09:04:58 +0000  165548 bytes for ./assets/node_modules/@expo/vector-icons/build/vendor/react-native-vector-icons/Fonts/FontAwesome.ttf
2025-04-16 09:04:58 +0000  copying file ./assets/node_modules/@expo/vector-icons/build/vendor/react-native-vector-icons/Fonts/MaterialIcons.ttf ... 
2025-04-16 09:04:58 +0000  356840 bytes for ./assets/node_modules/@expo/vector-icons/build/vendor/react-native-vector-icons/Fonts/MaterialIcons.ttf
2025-04-16 09:04:58 +0000  copying file ./assets/node_modules/expo-router/assets/pkg.png ... 
2025-04-16 09:04:58 +0000  364 bytes for ./assets/node_modules/expo-router/assets/pkg.png
2025-04-16 09:04:58 +0000  copying file ./assets/node_modules/expo-router/assets/unmatched.png ... 
2025-04-16 09:04:58 +0000  4752 bytes for ./assets/node_modules/expo-router/assets/unmatched.png
2025-04-16 09:04:58 +0000  copying file ./assets/node_modules/expo-router/assets/file.png ... 
2025-04-16 09:04:58 +0000  138 bytes for ./assets/node_modules/expo-router/assets/file.png
2025-04-16 09:04:58 +0000  copying file ./assets/node_modules/expo-router/assets/forward.png ... 
2025-04-16 09:04:58 +0000  188 bytes for ./assets/node_modules/expo-router/assets/forward.png
2025-04-16 09:04:58 +0000  copying file ./assets/node_modules/expo-router/assets/error.png ... 
2025-04-16 09:04:58 +0000  469 bytes for ./assets/node_modules/expo-router/assets/error.png
2025-04-16 09:04:58 +0000  copying file ./assets/node_modules/expo-router/assets/sitemap.png ... 
2025-04-16 09:04:58 +0000  465 bytes for ./assets/node_modules/expo-router/assets/sitemap.png
2025-04-16 09:04:58 +0000  copying file ./assets/assets/images/emoji3.png ... 
2025-04-16 09:04:58 +0000  85163 bytes for ./assets/assets/images/emoji3.png
2025-04-16 09:04:58 +0000  copying file ./assets/assets/images/emoji2.png ... 
2025-04-16 09:04:58 +0000  100920 bytes for ./assets/assets/images/emoji2.png
2025-04-16 09:04:58 +0000  copying file ./assets/assets/images/emoji1.png ... 
2025-04-16 09:04:58 +0000  60102 bytes for ./assets/assets/images/emoji1.png
2025-04-16 09:04:58 +0000  copying file ./assets/assets/images/emoji5.png ... 
2025-04-16 09:04:58 +0000  139021 bytes for ./assets/assets/images/emoji5.png
2025-04-16 09:04:58 +0000  copying file ./assets/assets/images/emoji4.png ... 
2025-04-16 09:04:58 +0000  69423 bytes for ./assets/assets/images/emoji4.png
2025-04-16 09:04:58 +0000  copying file ./assets/assets/images/emoji6.png ... 
2025-04-16 09:04:58 +0000  109092 bytes for ./assets/assets/images/emoji6.png
2025-04-16 09:04:58 +0000  copying file ./assets/assets/images/react-logo@2x.png ... 
2025-04-16 09:04:58 +0000  14225 bytes for ./assets/assets/images/react-logo@2x.png
2025-04-16 09:04:58 +0000  copying file ./assets/assets/images/background-image.png ... 
2025-04-16 09:04:58 +0000  332701 bytes for ./assets/assets/images/background-image.png
2025-04-16 09:04:58 +0000  copying file ./assets/assets/images/react-logo@3x.png ... 
2025-04-16 09:04:58 +0000  21252 bytes for ./assets/assets/images/react-logo@3x.png
2025-04-16 09:04:58 +0000  copying file ./assets/assets/images/react-logo.png ... 
2025-04-16 09:04:58 +0000  6341 bytes for ./assets/assets/images/react-logo.png
2025-04-16 09:04:58 +0000  copying file ./assets/assets/fonts/SpaceMono-Regular.ttf ... 
2025-04-16 09:04:58 +0000  93252 bytes for ./assets/assets/fonts/SpaceMono-Regular.ttf
2025-04-16 09:04:58 +0000  copying file ./Info.plist ... 
2025-04-16 09:04:58 +0000  2447 bytes for ./Info.plist
2025-04-16 09:04:58 +0000  copying file ./Expo.plist ... 
2025-04-16 09:04:58 +0000  243 bytes for ./Expo.plist
2025-04-16 09:04:58 +0000  copying file ./PkgInfo ... 
2025-04-16 09:04:58 +0000  8 bytes for ./PkgInfo
2025-04-16 09:04:58 +0000  copying file ./React-Core_privacy.bundle/PrivacyInfo.xcprivacy ... 
2025-04-16 09:04:58 +0000  768 bytes for ./React-Core_privacy.bundle/PrivacyInfo.xcprivacy
2025-04-16 09:04:58 +0000  copying file ./React-Core_privacy.bundle/Info.plist ... 
2025-04-16 09:04:58 +0000  786 bytes for ./React-Core_privacy.bundle/Info.plist
2025-04-16 09:04:58 +0000  /usr/bin/ditto exited with 0
2025-04-16 09:04:58 +0000  Processing step: IDEDistributionEmbedProfileStep
2025-04-16 09:04:58 +0000  Skipping profile for item: <IDEDistributionItem: 0x60002f054300; bundleID='dev.hermesengine.iphoneos', path='<DVTFilePath:0x600023f581c0:'/Users/jiezhiyong/Library/Developer/Xcode/Archives/2025-04-16/ChatQA 2025-4-16, 17.02.xcarchive/Products/Applications/ChatQA.app/Frameworks/hermes.framework'>', codeSigningInfo='<_DVTCodeSigningInformation_Path: 0x60000b5e1a40; isSigned='1', isAdHocSigned='0', signingCertificate='<DVTSigningCertificate: 0x600012edd980; name='Apple Development: zhiyong jie (YS9FN6KJZY)', hash='D6BEA3AAC62C3BDB97FF6D772230A2565CD59F7E', serialNumber='400EA5D90DB0954C523851541273F422', certificateKinds='(
    "1.2.840.113635.100.6.1.12",
    "1.2.840.113635.100.6.1.2"
), issueDate='2025-04-10 03:39:23 +0000''>', entitlements='(null)', teamID='457Z87HK84', identifier='dev.hermesengine.iphoneos', executablePath='<DVTFilePath:0x60002f03a880:'/Users/jiezhiyong/Library/Developer/Xcode/Archives/2025-04-16/ChatQA 2025-4-16, 17.02.xcarchive/Products/Applications/ChatQA.app/Frameworks/hermes.framework/hermes'>', hardenedRuntime='0'>'>
2025-04-16 09:04:58 +0000  Processing step: IDEDistributionInfoPlistStep
2025-04-16 09:04:58 +0000  Skipping step: IDEDistributionInfoPlistStep because it said so
2025-04-16 09:04:58 +0000  Skipping step: IDEDistributionInfoPlistStep because it said so
2025-04-16 09:04:58 +0000  Processing step: IDEDistributionAppThinningPlistStep
2025-04-16 09:04:58 +0000  Skipping step: IDEDistributionAppThinningPlistStep because it said so
2025-04-16 09:04:58 +0000  Processing step: IDEDistributionSymbolsStep
2025-04-16 09:04:58 +0000  Skipping step: IDEDistributionSymbolsStep because it said so
2025-04-16 09:04:58 +0000  Processing step: IDEDistributionAppThinningStep
2025-04-16 09:04:58 +0000  Skipping step: IDEDistributionAppThinningStep because it said so
2025-04-16 09:04:58 +0000  Processing step: IDEDistributionArchThinningStep
2025-04-16 09:04:58 +0000  Item /Users/jiezhiyong/Library/Developer/Xcode/Archives/2025-04-16/ChatQA 2025-4-16, 17.02.xcarchive/Products/Applications/ChatQA.app/Frameworks/hermes.framework doesn't have the entitlement com.apple.developer.web-browser-engine.host enabled, returning ["arm64e"]
2025-04-16 09:04:58 +0000  Archs to thin for item /Users/jiezhiyong/Library/Developer/Xcode/Archives/2025-04-16/ChatQA 2025-4-16, 17.02.xcarchive/Products/Applications/ChatQA.app/Frameworks/hermes.framework are ["arm64e"]
2025-04-16 09:04:58 +0000  Running /Applications/Xcode.app/Contents/Developer/Toolchains/XcodeDefault.xctoolchain/usr/bin/lipo '/var/folders/61/v18llvms1tbdtpxxpx54qdvr0000gn/T/XcodeDistPipeline.~~~Ohjezl/Root/Payload/ChatQA.app/Frameworks/hermes.framework/hermes' '-verify_arch' 'arm64e'
2025-04-16 09:04:58 +0000  /Applications/Xcode.app/Contents/Developer/Toolchains/XcodeDefault.xctoolchain/usr/bin/lipo exited with 1
2025-04-16 09:04:58 +0000  Skipping architecture thinning for item "hermes" because arch "arm64e" wasn't found
2025-04-16 09:04:58 +0000  Item /Users/jiezhiyong/Library/Developer/Xcode/Archives/2025-04-16/ChatQA 2025-4-16, 17.02.xcarchive/Products/Applications/ChatQA.app doesn't have the entitlement com.apple.developer.web-browser-engine.host enabled, returning ["arm64e"]
2025-04-16 09:04:58 +0000  Archs to thin for item /Users/jiezhiyong/Library/Developer/Xcode/Archives/2025-04-16/ChatQA 2025-4-16, 17.02.xcarchive/Products/Applications/ChatQA.app are ["arm64e"]
2025-04-16 09:04:58 +0000  Running /Applications/Xcode.app/Contents/Developer/Toolchains/XcodeDefault.xctoolchain/usr/bin/lipo '/var/folders/61/v18llvms1tbdtpxxpx54qdvr0000gn/T/XcodeDistPipeline.~~~Ohjezl/Root/Payload/ChatQA.app/ChatQA' '-verify_arch' 'arm64e'
2025-04-16 09:04:58 +0000  /Applications/Xcode.app/Contents/Developer/Toolchains/XcodeDefault.xctoolchain/usr/bin/lipo exited with 1
2025-04-16 09:04:58 +0000  Skipping architecture thinning for item "ChatQA" because arch "arm64e" wasn't found
2025-04-16 09:04:58 +0000  Processing step: IDEDistributionODRStep
2025-04-16 09:04:58 +0000  Processing step: IDEDistributionStripXattrsStep
2025-04-16 09:04:58 +0000  Skipping stripping extended attributes because the codesign step will strip them.
2025-04-16 09:04:58 +0000  Skipping stripping extended attributes because the codesign step will strip them.
2025-04-16 09:04:58 +0000  Processing step: IDEDistributionCodesignStep
2025-04-16 09:04:58 +0000  Entitlements for <IDEDistributionItem: 0x60002f054300; bundleID='dev.hermesengine.iphoneos', path='<DVTFilePath:0x600023f581c0:'/Users/jiezhiyong/Library/Developer/Xcode/Archives/2025-04-16/ChatQA 2025-4-16, 17.02.xcarchive/Products/Applications/ChatQA.app/Frameworks/hermes.framework'>', codeSigningInfo='<_DVTCodeSigningInformation_Path: 0x60000b5e1a40; isSigned='1', isAdHocSigned='0', signingCertificate='<DVTSigningCertificate: 0x600012e91200; name='Apple Development: zhiyong jie (YS9FN6KJZY)', hash='D6BEA3AAC62C3BDB97FF6D772230A2565CD59F7E', serialNumber='400EA5D90DB0954C523851541273F422', certificateKinds='(
    "1.2.840.113635.100.6.1.12",
    "1.2.840.113635.100.6.1.2"
), issueDate='2025-04-10 03:39:23 +0000''>', entitlements='(null)', teamID='457Z87HK84', identifier='dev.hermesengine.iphoneos', executablePath='<DVTFilePath:0x60002f03a880:'/Users/jiezhiyong/Library/Developer/Xcode/Archives/2025-04-16/ChatQA 2025-4-16, 17.02.xcarchive/Products/Applications/ChatQA.app/Frameworks/hermes.framework/hermes'>', hardenedRuntime='0'>'>: {
}
2025-04-16 09:04:58 +0000  Associated App Clip Identifiers Filter: Skipping because "com.apple.developer.associated-appclip-app-identifiers" is not present
2025-04-16 09:04:58 +0000  Entitlements for <IDEDistributionItem: 0x60002f054300; bundleID='dev.hermesengine.iphoneos', path='<DVTFilePath:0x600023f581c0:'/Users/jiezhiyong/Library/Developer/Xcode/Archives/2025-04-16/ChatQA 2025-4-16, 17.02.xcarchive/Products/Applications/ChatQA.app/Frameworks/hermes.framework'>', codeSigningInfo='<_DVTCodeSigningInformation_Path: 0x60000b5e1a40; isSigned='1', isAdHocSigned='0', signingCertificate='<DVTSigningCertificate: 0x600012e92a00; name='Apple Development: zhiyong jie (YS9FN6KJZY)', hash='D6BEA3AAC62C3BDB97FF6D772230A2565CD59F7E', serialNumber='400EA5D90DB0954C523851541273F422', certificateKinds='(
    "1.2.840.113635.100.6.1.12",
    "1.2.840.113635.100.6.1.2"
), issueDate='2025-04-10 03:39:23 +0000''>', entitlements='(null)', teamID='457Z87HK84', identifier='dev.hermesengine.iphoneos', executablePath='<DVTFilePath:0x60002f03a880:'/Users/jiezhiyong/Library/Developer/Xcode/Archives/2025-04-16/ChatQA 2025-4-16, 17.02.xcarchive/Products/Applications/ChatQA.app/Frameworks/hermes.framework/hermes'>', hardenedRuntime='0'>'> are: {
}
2025-04-16 09:04:58 +0000  Writing entitlements for <IDEDistributionItem: 0x60002f054300; bundleID='dev.hermesengine.iphoneos', path='<DVTFilePath:0x600023f581c0:'/Users/jiezhiyong/Library/Developer/Xcode/Archives/2025-04-16/ChatQA 2025-4-16, 17.02.xcarchive/Products/Applications/ChatQA.app/Frameworks/hermes.framework'>', codeSigningInfo='<_DVTCodeSigningInformation_Path: 0x60000b5e1a40; isSigned='1', isAdHocSigned='0', signingCertificate='<DVTSigningCertificate: 0x600012e903c0; name='Apple Development: zhiyong jie (YS9FN6KJZY)', hash='D6BEA3AAC62C3BDB97FF6D772230A2565CD59F7E', serialNumber='400EA5D90DB0954C523851541273F422', certificateKinds='(
    "1.2.840.113635.100.6.1.12",
    "1.2.840.113635.100.6.1.2"
), issueDate='2025-04-10 03:39:23 +0000''>', entitlements='(null)', teamID='457Z87HK84', identifier='dev.hermesengine.iphoneos', executablePath='<DVTFilePath:0x60002f03a880:'/Users/jiezhiyong/Library/Developer/Xcode/Archives/2025-04-16/ChatQA 2025-4-16, 17.02.xcarchive/Products/Applications/ChatQA.app/Frameworks/hermes.framework/hermes'>', hardenedRuntime='0'>'> to: /var/folders/61/v18llvms1tbdtpxxpx54qdvr0000gn/T/XcodeDistPipeline.~~~Ohjezl/entitlements~~~j6S8nP
2025-04-16 09:04:58 +0000  invoking codesign: <NSConcreteTask: 0x60000b5fd810; launchPath='/usr/bin/codesign', arguments='(
    "-f",
    "-s",
    D6BEA3AAC62C3BDB97FF6D772230A2565CD59F7E,
    "--entitlements",
    "/var/folders/61/v18llvms1tbdtpxxpx54qdvr0000gn/T/XcodeDistPipeline.~~~Ohjezl/entitlements~~~j6S8nP",
    "--preserve-metadata=identifier,flags,runtime",
    "--generate-entitlement-der",
    "--strip-disallowed-xattrs",
    "-vvv",
    "/var/folders/61/v18llvms1tbdtpxxpx54qdvr0000gn/T/XcodeDistPipeline.~~~Ohjezl/Root/Payload/ChatQA.app/Frameworks/hermes.framework"
)'>
2025-04-16 09:04:58 +0000  codesign output: /var/folders/61/v18llvms1tbdtpxxpx54qdvr0000gn/T/XcodeDistPipeline.~~~Ohjezl/Root/Payload/ChatQA.app/Frameworks/hermes.framework: replacing existing signature
/var/folders/61/v18llvms1tbdtpxxpx54qdvr0000gn/T/XcodeDistPipeline.~~~Ohjezl/Root/Payload/ChatQA.app/Frameworks/hermes.framework: signed bundle with Mach-O thin (arm64) [dev.hermesengine.iphoneos]
2025-04-16 09:04:58 +0000  Entitlements for <IDEDistributionItem: 0x60002f070420; bundleID='com.jiezhiyong.qachat', path='<DVTFilePath:0x60002f030480:'/Users/jiezhiyong/Library/Developer/Xcode/Archives/2025-04-16/ChatQA 2025-4-16, 17.02.xcarchive/Products/Applications/ChatQA.app'>', codeSigningInfo='<_DVTCodeSigningInformation_Path: 0x60000b21a3f0; isSigned='1', isAdHocSigned='0', signingCertificate='<DVTSigningCertificate: 0x600012e96ac0; name='Apple Development: zhiyong jie (YS9FN6KJZY)', hash='D6BEA3AAC62C3BDB97FF6D772230A2565CD59F7E', serialNumber='400EA5D90DB0954C523851541273F422', certificateKinds='(
    "1.2.840.113635.100.6.1.12",
    "1.2.840.113635.100.6.1.2"
), issueDate='2025-04-10 03:39:23 +0000''>', entitlements='{
    "application-identifier" = "457Z87HK84.com.jiezhiyong.qachat";
    "aps-environment" = development;
    "com.apple.developer.associated-domains" =     (
        "applinks:qachat.com.ngrok.io",
        "activitycontinuation:qachat.com.ngrok.io",
        "webcredentials:qachat.com.ngrok.io",
        "applinks:qachat.com",
        "activitycontinuation:qachat.com",
        "webcredentials:qachat.com"
    );
    "com.apple.developer.team-identifier" = 457Z87HK84;
    "get-task-allow" = 1;
}', teamID='457Z87HK84', identifier='com.jiezhiyong.qachat', executablePath='<DVTFilePath:0x60002f01de00:'/Users/jiezhiyong/Library/Developer/Xcode/Archives/2025-04-16/ChatQA 2025-4-16, 17.02.xcarchive/Products/Applications/ChatQA.app/ChatQA'>', hardenedRuntime='0'>'>: {
    "application-identifier" = "457Z87HK84.com.jiezhiyong.qachat";
    "aps-environment" = development;
    "com.apple.developer.associated-domains" =     (
        "applinks:qachat.com.ngrok.io",
        "activitycontinuation:qachat.com.ngrok.io",
        "webcredentials:qachat.com.ngrok.io",
        "applinks:qachat.com",
        "activitycontinuation:qachat.com",
        "webcredentials:qachat.com"
    );
    "com.apple.developer.team-identifier" = 457Z87HK84;
    "get-task-allow" = 1;
}
2025-04-16 09:04:58 +0000  Associated App Clip Identifiers Filter: Skipping because "com.apple.developer.associated-appclip-app-identifiers" is not present
2025-04-16 09:04:58 +0000  Entitlements for <IDEDistributionItem: 0x60002f070420; bundleID='com.jiezhiyong.qachat', path='<DVTFilePath:0x60002f030480:'/Users/jiezhiyong/Library/Developer/Xcode/Archives/2025-04-16/ChatQA 2025-4-16, 17.02.xcarchive/Products/Applications/ChatQA.app'>', codeSigningInfo='<_DVTCodeSigningInformation_Path: 0x60000b21a3f0; isSigned='1', isAdHocSigned='0', signingCertificate='<DVTSigningCertificate: 0x600012156d00; name='Apple Development: zhiyong jie (YS9FN6KJZY)', hash='D6BEA3AAC62C3BDB97FF6D772230A2565CD59F7E', serialNumber='400EA5D90DB0954C523851541273F422', certificateKinds='(
    "1.2.840.113635.100.6.1.12",
    "1.2.840.113635.100.6.1.2"
), issueDate='2025-04-10 03:39:23 +0000''>', entitlements='{
    "application-identifier" = "457Z87HK84.com.jiezhiyong.qachat";
    "aps-environment" = development;
    "com.apple.developer.associated-domains" =     (
        "applinks:qachat.com.ngrok.io",
        "activitycontinuation:qachat.com.ngrok.io",
        "webcredentials:qachat.com.ngrok.io",
        "applinks:qachat.com",
        "activitycontinuation:qachat.com",
        "webcredentials:qachat.com"
    );
    "com.apple.developer.team-identifier" = 457Z87HK84;
    "get-task-allow" = 1;
}', teamID='457Z87HK84', identifier='com.jiezhiyong.qachat', executablePath='<DVTFilePath:0x60002f01de00:'/Users/jiezhiyong/Library/Developer/Xcode/Archives/2025-04-16/ChatQA 2025-4-16, 17.02.xcarchive/Products/Applications/ChatQA.app/ChatQA'>', hardenedRuntime='0'>'> are: {
    "application-identifier" = "457Z87HK84.com.jiezhiyong.qachat";
    "aps-environment" = development;
    "com.apple.developer.associated-domains" =     (
        "applinks:qachat.com.ngrok.io",
        "activitycontinuation:qachat.com.ngrok.io",
        "webcredentials:qachat.com.ngrok.io",
        "applinks:qachat.com",
        "activitycontinuation:qachat.com",
        "webcredentials:qachat.com"
    );
    "com.apple.developer.team-identifier" = 457Z87HK84;
    "get-task-allow" = 1;
}
2025-04-16 09:04:58 +0000  Writing entitlements for <IDEDistributionItem: 0x60002f070420; bundleID='com.jiezhiyong.qachat', path='<DVTFilePath:0x60002f030480:'/Users/jiezhiyong/Library/Developer/Xcode/Archives/2025-04-16/ChatQA 2025-4-16, 17.02.xcarchive/Products/Applications/ChatQA.app'>', codeSigningInfo='<_DVTCodeSigningInformation_Path: 0x60000b21a3f0; isSigned='1', isAdHocSigned='0', signingCertificate='<DVTSigningCertificate: 0x600012e92a00; name='Apple Development: zhiyong jie (YS9FN6KJZY)', hash='D6BEA3AAC62C3BDB97FF6D772230A2565CD59F7E', serialNumber='400EA5D90DB0954C523851541273F422', certificateKinds='(
    "1.2.840.113635.100.6.1.12",
    "1.2.840.113635.100.6.1.2"
), issueDate='2025-04-10 03:39:23 +0000''>', entitlements='{
    "application-identifier" = "457Z87HK84.com.jiezhiyong.qachat";
    "aps-environment" = development;
    "com.apple.developer.associated-domains" =     (
        "applinks:qachat.com.ngrok.io",
        "activitycontinuation:qachat.com.ngrok.io",
        "webcredentials:qachat.com.ngrok.io",
        "applinks:qachat.com",
        "activitycontinuation:qachat.com",
        "webcredentials:qachat.com"
    );
    "com.apple.developer.team-identifier" = 457Z87HK84;
    "get-task-allow" = 1;
}', teamID='457Z87HK84', identifier='com.jiezhiyong.qachat', executablePath='<DVTFilePath:0x60002f01de00:'/Users/jiezhiyong/Library/Developer/Xcode/Archives/2025-04-16/ChatQA 2025-4-16, 17.02.xcarchive/Products/Applications/ChatQA.app/ChatQA'>', hardenedRuntime='0'>'> to: /var/folders/61/v18llvms1tbdtpxxpx54qdvr0000gn/T/XcodeDistPipeline.~~~Ohjezl/entitlements~~~lxi1CF
2025-04-16 09:04:58 +0000  invoking codesign: <NSConcreteTask: 0x60000b5fa490; launchPath='/usr/bin/codesign', arguments='(
    "-f",
    "-s",
    D6BEA3AAC62C3BDB97FF6D772230A2565CD59F7E,
    "--entitlements",
    "/var/folders/61/v18llvms1tbdtpxxpx54qdvr0000gn/T/XcodeDistPipeline.~~~Ohjezl/entitlements~~~lxi1CF",
    "--preserve-metadata=identifier,flags,runtime",
    "--generate-entitlement-der",
    "--strip-disallowed-xattrs",
    "-vvv",
    "/var/folders/61/v18llvms1tbdtpxxpx54qdvr0000gn/T/XcodeDistPipeline.~~~Ohjezl/Root/Payload/ChatQA.app"
)'>
2025-04-16 09:04:58 +0000  codesign output: /var/folders/61/v18llvms1tbdtpxxpx54qdvr0000gn/T/XcodeDistPipeline.~~~Ohjezl/Root/Payload/ChatQA.app: replacing existing signature
/var/folders/61/v18llvms1tbdtpxxpx54qdvr0000gn/T/XcodeDistPipeline.~~~Ohjezl/Root/Payload/ChatQA.app: signed app bundle with Mach-O thin (arm64) [com.jiezhiyong.qachat]
2025-04-16 09:04:58 +0000  Processing step: IDEDistributionZipODRItemStep
2025-04-16 09:04:58 +0000  Skipping step: IDEDistributionZipODRItemStep because it said so
2025-04-16 09:04:58 +0000  Skipping step: IDEDistributionZipODRItemStep because it said so
2025-04-16 09:04:58 +0000  Processing step: IDEDistributionCreateIPAStep
2025-04-16 09:04:58 +0000  Running /usr/bin/ditto '-V' '-c' '-k' '--norsrc' '/var/folders/61/v18llvms1tbdtpxxpx54qdvr0000gn/T/XcodeDistPipeline.~~~Ohjezl/Root' '/var/folders/61/v18llvms1tbdtpxxpx54qdvr0000gn/T/XcodeDistPipeline.~~~Ohjezl/Packages/ChatQA.ipa'
2025-04-16 09:04:58 +0000  >>> Copying /var/folders/61/v18llvms1tbdtpxxpx54qdvr0000gn/T/XcodeDistPipeline.~~~Ohjezl/Root 
2025-04-16 09:04:58 +0000  copying file ./Payload/ChatQA.app/_CodeSignature/CodeResources ... 
2025-04-16 09:04:58 +0000  40375 bytes for ./Payload/ChatQA.app/_CodeSignature/CodeResources
2025-04-16 09:04:58 +0000  copying file ./Payload/ChatQA.app/www.bundle/partial-react-logo.png ... 
2025-04-16 09:04:58 +0000  5075 bytes for ./Payload/ChatQA.app/www.bundle/partial-react-logo.png
2025-04-16 09:04:58 +0000  copying file ./Payload/ChatQA.app/www.bundle/logo512.png ... 
2025-04-16 09:04:58 +0000  0 bytes for ./Payload/ChatQA.app/www.bundle/logo512.png
2025-04-16 09:04:58 +0000  copying file ./Payload/ChatQA.app/www.bundle/_expo/static/js/web/entry-6e1655aa05d4cfc9d7c3e6fb67f8fa31.js ... 
2025-04-16 09:04:58 +0000  830489 bytes for ./Payload/ChatQA.app/www.bundle/_expo/static/js/web/entry-6e1655aa05d4cfc9d7c3e6fb67f8fa31.js
copying file ./Payload/ChatQA.app/www.bundle/_expo/static/js/web/entry-6e1655aa05d4cfc9d7c3e6fb67f8fa31.js.map ... 
2025-04-16 09:04:58 +0000  3295516 bytes for ./Payload/ChatQA.app/www.bundle/_expo/static/js/web/entry-6e1655aa05d4cfc9d7c3e6fb67f8fa31.js.map
2025-04-16 09:04:58 +0000  copying file ./Payload/ChatQA.app/www.bundle/. well-known/apple-app-site-association ... 
2025-04-16 09:04:58 +0000  493 bytes for ./Payload/ChatQA.app/www.bundle/. well-known/apple-app-site-association
copying file ./Payload/ChatQA.app/www.bundle/. well-known/assetlinks.json ... 
2025-04-16 09:04:58 +0000  320 bytes for ./Payload/ChatQA.app/www.bundle/. well-known/assetlinks.json
copying file ./Payload/ChatQA.app/www.bundle/manifest.json ... 
2025-04-16 09:04:58 +0000  472 bytes for ./Payload/ChatQA.app/www.bundle/manifest.json
2025-04-16 09:04:58 +0000  copying file ./Payload/ChatQA.app/www.bundle/assets/node_modules/@react-navigation/elements/lib/module/assets/close-icon.808e1b1b9b53114ec2838071a7e6daa7@4x.png ... 
2025-04-16 09:04:58 +0000  332 bytes for ./Payload/ChatQA.app/www.bundle/assets/node_modules/@react-navigation/elements/lib/module/assets/close-icon.808e1b1b9b53114ec2838071a7e6daa7@4x.png
2025-04-16 09:04:58 +0000  copying file ./Payload/ChatQA.app/www.bundle/assets/node_modules/@react-navigation/elements/lib/module/assets/clear-icon.c94f6478e7ae0cdd9f15de1fcb9e5e55@4x.png ... 
2025-04-16 09:04:58 +0000  645 bytes for ./Payload/ChatQA.app/www.bundle/assets/node_modules/@react-navigation/elements/lib/module/assets/clear-icon.c94f6478e7ae0cdd9f15de1fcb9e5e55@4x.png
2025-04-16 09:04:58 +0000  copying file ./Payload/ChatQA.app/www.bundle/assets/node_modules/@react-navigation/elements/lib/module/assets/search-icon.286d67d3f74808a60a78d3ebf1a5fb57.png ... 
2025-04-16 09:04:58 +0000  928 bytes for ./Payload/ChatQA.app/www.bundle/assets/node_modules/@react-navigation/elements/lib/module/assets/search-icon.286d67d3f74808a60a78d3ebf1a5fb57.png
2025-04-16 09:04:58 +0000  copying file ./Payload/ChatQA.app/www.bundle/assets/node_modules/@react-navigation/elements/lib/module/assets/clear-icon.c94f6478e7ae0cdd9f15de1fcb9e5e55@3x.png ... 
2025-04-16 09:04:58 +0000  502 bytes for ./Payload/ChatQA.app/www.bundle/assets/node_modules/@react-navigation/elements/lib/module/assets/clear-icon.c94f6478e7ae0cdd9f15de1fcb9e5e55@3x.png
2025-04-16 09:04:58 +0000  copying file ./Payload/ChatQA.app/www.bundle/assets/node_modules/@react-navigation/elements/lib/module/assets/close-icon.808e1b1b9b53114ec2838071a7e6daa7@2x.png ... 
2025-04-16 09:04:58 +0000  201 bytes for ./Payload/ChatQA.app/www.bundle/assets/node_modules/@react-navigation/elements/lib/module/assets/close-icon.808e1b1b9b53114ec2838071a7e6daa7@2x.png
2025-04-16 09:04:58 +0000  copying file ./Payload/ChatQA.app/www.bundle/assets/node_modules/@react-navigation/elements/lib/module/assets/close-icon.808e1b1b9b53114ec2838071a7e6daa7@3x.png ... 
2025-04-16 09:04:58 +0000  266 bytes for ./Payload/ChatQA.app/www.bundle/assets/node_modules/@react-navigation/elements/lib/module/assets/close-icon.808e1b1b9b53114ec2838071a7e6daa7@3x.png
2025-04-16 09:04:58 +0000  copying file ./Payload/ChatQA.app/www.bundle/assets/node_modules/@react-navigation/elements/lib/module/assets/close-icon.808e1b1b9b53114ec2838071a7e6daa7.png ... 
2025-04-16 09:04:58 +0000  141 bytes for ./Payload/ChatQA.app/www.bundle/assets/node_modules/@react-navigation/elements/lib/module/assets/close-icon.808e1b1b9b53114ec2838071a7e6daa7.png
2025-04-16 09:04:58 +0000  copying file ./Payload/ChatQA.app/www.bundle/assets/node_modules/@react-navigation/elements/lib/module/assets/clear-icon.c94f6478e7ae0cdd9f15de1fcb9e5e55@2x.png ... 
2025-04-16 09:04:58 +0000  334 bytes for ./Payload/ChatQA.app/www.bundle/assets/node_modules/@react-navigation/elements/lib/module/assets/clear-icon.c94f6478e7ae0cdd9f15de1fcb9e5e55@2x.png
2025-04-16 09:04:58 +0000  copying file ./Payload/ChatQA.app/www.bundle/assets/node_modules/@react-navigation/elements/lib/module/assets/back-icon.35ba0eaec5a4f5ed12ca16fabeae451d.png ... 
2025-04-16 09:04:58 +0000  207 bytes for ./Payload/ChatQA.app/www.bundle/assets/node_modules/@react-navigation/elements/lib/module/assets/back-icon.35ba0eaec5a4f5ed12ca16fabeae451d.png
2025-04-16 09:04:58 +0000  copying file ./Payload/ChatQA.app/www.bundle/assets/node_modules/@react-navigation/elements/lib/module/assets/back-icon-mask.0a328cd9c1afd0afe8e3b1ec5165b1b4.png ... 
2025-04-16 09:04:58 +0000  653 bytes for ./Payload/ChatQA.app/www.bundle/assets/node_modules/@react-navigation/elements/lib/module/assets/back-icon-mask.0a328cd9c1afd0afe8e3b1ec5165b1b4.png
2025-04-16 09:04:58 +0000  copying file ./Payload/ChatQA.app/www.bundle/assets/node_modules/@react-navigation/elements/lib/module/assets/clear-icon.c94f6478e7ae0cdd9f15de1fcb9e5e55.png ... 
2025-04-16 09:04:58 +0000  220 bytes for ./Payload/ChatQA.app/www.bundle/assets/node_modules/@react-navigation/elements/lib/module/assets/clear-icon.c94f6478e7ae0cdd9f15de1fcb9e5e55.png
2025-04-16 09:04:58 +0000  copying file ./Payload/ChatQA.app/www.bundle/assets/node_modules/@expo/metro-runtime/assets/close.369745d4a4a6fa62fa0ed495f89aa964.png ... 
2025-04-16 09:04:58 +0000  187 bytes for ./Payload/ChatQA.app/www.bundle/assets/node_modules/@expo/metro-runtime/assets/close.369745d4a4a6fa62fa0ed495f89aa964.png
2025-04-16 09:04:58 +0000  copying file ./Payload/ChatQA.app/www.bundle/assets/node_modules/@expo/metro-runtime/assets/chevron-left.5b50965d3dfbc518fe50ce36c314a6ec.png ... 
2025-04-16 09:04:58 +0000  126 bytes for ./Payload/ChatQA.app/www.bundle/assets/node_modules/@expo/metro-runtime/assets/chevron-left.5b50965d3dfbc518fe50ce36c314a6ec.png
2025-04-16 09:04:58 +0000  copying file ./Payload/ChatQA.app/www.bundle/assets/node_modules/@expo/metro-runtime/assets/alert-triangle.4f355ba1efca4b9c0e7a6271af047f61.png ... 
2025-04-16 09:04:58 +0000  609 bytes for ./Payload/ChatQA.app/www.bundle/assets/node_modules/@expo/metro-runtime/assets/alert-triangle.4f355ba1efca4b9c0e7a6271af047f61.png
copying file ./Payload/ChatQA.app/www.bundle/assets/node_modules/@expo/metro-runtime/assets/loader.817aca47ff3cea63020753d336e628a4.png ... 
2025-04-16 09:04:58 +0000  282 bytes for ./Payload/ChatQA.app/www.bundle/assets/node_modules/@expo/metro-runtime/assets/loader.817aca47ff3cea63020753d336e628a4.png
copying file ./Payload/ChatQA.app/www.bundle/assets/node_modules/@expo/metro-runtime/assets/chevron-right.e62addcde857ebdb7342e6b9f1095e97.png ... 
2025-04-16 09:04:58 +0000  123 bytes for ./Payload/ChatQA.app/www.bundle/assets/node_modules/@expo/metro-runtime/assets/chevron-right.e62addcde857ebdb7342e6b9f1095e97.png
2025-04-16 09:04:58 +0000  copying file ./Payload/ChatQA.app/www.bundle/assets/node_modules/expo-router/assets/forward.d8b800c443b8972542883e0b9de2bdc6.png ... 
2025-04-16 09:04:58 +0000  188 bytes for ./Payload/ChatQA.app/www.bundle/assets/node_modules/expo-router/assets/forward.d8b800c443b8972542883e0b9de2bdc6.png
2025-04-16 09:04:58 +0000  copying file ./Payload/ChatQA.app/www.bundle/assets/node_modules/expo-router/assets/unmatched.20e71bdf79e3a97bf55fd9e164041578.png ... 
2025-04-16 09:04:58 +0000  4752 bytes for ./Payload/ChatQA.app/www.bundle/assets/node_modules/expo-router/assets/unmatched.20e71bdf79e3a97bf55fd9e164041578.png
2025-04-16 09:04:58 +0000  copying file ./Payload/ChatQA.app/www.bundle/assets/node_modules/expo-router/assets/error.d1ea1496f9057eb392d5bbf3732a61b7.png ... 
2025-04-16 09:04:58 +0000  469 bytes for ./Payload/ChatQA.app/www.bundle/assets/node_modules/expo-router/assets/error.d1ea1496f9057eb392d5bbf3732a61b7.png
2025-04-16 09:04:58 +0000  copying file ./Payload/ChatQA.app/www.bundle/assets/node_modules/expo-router/assets/pkg.ab19f4cbc543357183a20571f68380a3.png ... 
2025-04-16 09:04:58 +0000  364 bytes for ./Payload/ChatQA.app/www.bundle/assets/node_modules/expo-router/assets/pkg.ab19f4cbc543357183a20571f68380a3.png
copying file ./Payload/ChatQA.app/www.bundle/assets/node_modules/expo-router/assets/sitemap.412dd9275b6b48ad28f5e3d81bb1f626.png ... 
2025-04-16 09:04:58 +0000  465 bytes for ./Payload/ChatQA.app/www.bundle/assets/node_modules/expo-router/assets/sitemap.412dd9275b6b48ad28f5e3d81bb1f626.png
2025-04-16 09:04:58 +0000  copying file ./Payload/ChatQA.app/www.bundle/assets/node_modules/expo-router/assets/file.19eeb73b9593a38f8e9f418337fc7d10.png ... 
2025-04-16 09:04:58 +0000  138 bytes for ./Payload/ChatQA.app/www.bundle/assets/node_modules/expo-router/assets/file.19eeb73b9593a38f8e9f418337fc7d10.png
2025-04-16 09:04:58 +0000  copying file ./Payload/ChatQA.app/www.bundle/caa6c777f3c2c9077394ecce706f43ed.html ... 
2025-04-16 09:04:58 +0000  913 bytes for ./Payload/ChatQA.app/www.bundle/caa6c777f3c2c9077394ecce706f43ed.html
2025-04-16 09:04:58 +0000  copying file ./Payload/ChatQA.app/www.bundle/logo192.png ... 
2025-04-16 09:04:58 +0000  0 bytes for ./Payload/ChatQA.app/www.bundle/logo192.png
2025-04-16 09:04:58 +0000  copying file ./Payload/ChatQA.app/SplashScreen.storyboardc/EXPO-VIEWCONTROLLER-1-view-EXPO-ContainerView.nib ... 
2025-04-16 09:04:58 +0000  2108 bytes for ./Payload/ChatQA.app/SplashScreen.storyboardc/EXPO-VIEWCONTROLLER-1-view-EXPO-ContainerView.nib
2025-04-16 09:04:58 +0000  copying file ./Payload/ChatQA.app/SplashScreen.storyboardc/SplashScreenViewController.nib ... 
2025-04-16 09:04:58 +0000  1004 bytes for ./Payload/ChatQA.app/SplashScreen.storyboardc/SplashScreenViewController.nib
2025-04-16 09:04:58 +0000  copying file ./Payload/ChatQA.app/SplashScreen.storyboardc/Info.plist ... 
2025-04-16 09:04:58 +0000  225 bytes for ./Payload/ChatQA.app/SplashScreen.storyboardc/Info.plist
2025-04-16 09:04:58 +0000  copying file ./Payload/ChatQA.app/ExpoSystemUI_privacy.bundle/PrivacyInfo.xcprivacy ... 
2025-04-16 09:04:58 +0000  607 bytes for ./Payload/ChatQA.app/ExpoSystemUI_privacy.bundle/PrivacyInfo.xcprivacy
2025-04-16 09:04:58 +0000  copying file ./Payload/ChatQA.app/ExpoSystemUI_privacy.bundle/Info.plist ... 
2025-04-16 09:04:58 +0000  789 bytes for ./Payload/ChatQA.app/ExpoSystemUI_privacy.bundle/Info.plist
2025-04-16 09:04:58 +0000  copying file ./Payload/ChatQA.app/glog_privacy.bundle/Info.plist ... 
2025-04-16 09:04:58 +0000  771 bytes for ./Payload/ChatQA.app/glog_privacy.bundle/Info.plist
2025-04-16 09:04:58 +0000  copying file ./Payload/ChatQA.app/Sentry.bundle/PrivacyInfo.xcprivacy ... 
2025-04-16 09:04:58 +0000  2108 bytes for ./Payload/ChatQA.app/Sentry.bundle/PrivacyInfo.xcprivacy
2025-04-16 09:04:58 +0000  copying file ./Payload/ChatQA.app/Sentry.bundle/Info.plist ... 
2025-04-16 09:04:58 +0000  760 bytes for ./Payload/ChatQA.app/Sentry.bundle/Info.plist
2025-04-16 09:04:58 +0000  copying file ./Payload/ChatQA.app/ExpoLocalization_privacy.bundle/PrivacyInfo.xcprivacy ... 
2025-04-16 09:04:58 +0000  607 bytes for ./Payload/ChatQA.app/ExpoLocalization_privacy.bundle/PrivacyInfo.xcprivacy
2025-04-16 09:04:58 +0000  copying file ./Payload/ChatQA.app/ExpoLocalization_privacy.bundle/Info.plist ... 
2025-04-16 09:04:58 +0000  798 bytes for ./Payload/ChatQA.app/ExpoLocalization_privacy.bundle/Info.plist
2025-04-16 09:04:58 +0000  copying file ./Payload/ChatQA.app/AppIcon60x60@2x.png ... 
2025-04-16 09:04:58 +0000  7595 bytes for ./Payload/ChatQA.app/AppIcon60x60@2x.png
2025-04-16 09:04:58 +0000  copying file ./Payload/ChatQA.app/ExpoConstants_privacy.bundle/PrivacyInfo.xcprivacy ... 
2025-04-16 09:04:58 +0000  607 bytes for ./Payload/ChatQA.app/ExpoConstants_privacy.bundle/PrivacyInfo.xcprivacy
2025-04-16 09:04:58 +0000  copying file ./Payload/ChatQA.app/ExpoConstants_privacy.bundle/Info.plist ... 
2025-04-16 09:04:58 +0000  792 bytes for ./Payload/ChatQA.app/ExpoConstants_privacy.bundle/Info.plist
2025-04-16 09:04:58 +0000  copying file ./Payload/ChatQA.app/React-cxxreact_privacy.bundle/PrivacyInfo.xcprivacy ... 
2025-04-16 09:04:58 +0000  552 bytes for ./Payload/ChatQA.app/React-cxxreact_privacy.bundle/PrivacyInfo.xcprivacy
2025-04-16 09:04:58 +0000  copying file ./Payload/ChatQA.app/React-cxxreact_privacy.bundle/Info.plist ... 
2025-04-16 09:04:58 +0000  794 bytes for ./Payload/ChatQA.app/React-cxxreact_privacy.bundle/Info.plist
2025-04-16 09:04:58 +0000  copying file ./Payload/ChatQA.app/GoogleService-Info.plist ... 
2025-04-16 09:04:58 +0000  477 bytes for ./Payload/ChatQA.app/GoogleService-Info.plist
2025-04-16 09:04:58 +0000  copying file ./Payload/ChatQA.app/ExpoApplication_privacy.bundle/PrivacyInfo.xcprivacy ... 
2025-04-16 09:04:58 +0000  608 bytes for ./Payload/ChatQA.app/ExpoApplication_privacy.bundle/PrivacyInfo.xcprivacy
2025-04-16 09:04:58 +0000  copying file ./Payload/ChatQA.app/ExpoApplication_privacy.bundle/Info.plist ... 
2025-04-16 09:04:58 +0000  795 bytes for ./Payload/ChatQA.app/ExpoApplication_privacy.bundle/Info.plist
2025-04-16 09:04:58 +0000  copying file ./Payload/ChatQA.app/ChatQA ... 
2025-04-16 09:04:59 +0000  12527888 bytes for ./Payload/ChatQA.app/ChatQA
2025-04-16 09:04:59 +0000  copying file ./Payload/ChatQA.app/RCT-Folly_privacy.bundle/Info.plist ... 
2025-04-16 09:04:59 +0000  788 bytes for ./Payload/ChatQA.app/RCT-Folly_privacy.bundle/Info.plist
2025-04-16 09:04:59 +0000  copying file ./Payload/ChatQA.app/Assets.car ... 
2025-04-16 09:04:59 +0000  184960 bytes for ./Payload/ChatQA.app/Assets.car
2025-04-16 09:04:59 +0000  copying file ./Payload/ChatQA.app/AppIcon76x76@2x~ipad.png ... 
2025-04-16 09:04:59 +0000  9633 bytes for ./Payload/ChatQA.app/AppIcon76x76@2x~ipad.png
2025-04-16 09:04:59 +0000  copying file ./Payload/ChatQA.app/main.jsbundle ... 
2025-04-16 09:04:59 +0000  3169108 bytes for ./Payload/ChatQA.app/main.jsbundle
2025-04-16 09:04:59 +0000  copying file ./Payload/ChatQA.app/EXConstants.bundle/app.config ... 
2025-04-16 09:04:59 +0000  3153 bytes for ./Payload/ChatQA.app/EXConstants.bundle/app.config
2025-04-16 09:04:59 +0000  copying file ./Payload/ChatQA.app/EXConstants.bundle/Info.plist ... 
2025-04-16 09:04:59 +0000  770 bytes for ./Payload/ChatQA.app/EXConstants.bundle/Info.plist
2025-04-16 09:04:59 +0000  copying file ./Payload/ChatQA.app/SDWebImage.bundle/PrivacyInfo.xcprivacy ... 
2025-04-16 09:04:59 +0000  599 bytes for ./Payload/ChatQA.app/SDWebImage.bundle/PrivacyInfo.xcprivacy
copying file ./Payload/ChatQA.app/SDWebImage.bundle/Info.plist ... 
2025-04-16 09:04:59 +0000  767 bytes for ./Payload/ChatQA.app/SDWebImage.bundle/Info.plist
2025-04-16 09:04:59 +0000  copying file ./Payload/ChatQA.app/ExpoDevice_privacy.bundle/PrivacyInfo.xcprivacy ... 
2025-04-16 09:04:59 +0000  609 bytes for ./Payload/ChatQA.app/ExpoDevice_privacy.bundle/PrivacyInfo.xcprivacy
2025-04-16 09:04:59 +0000  copying file ./Payload/ChatQA.app/ExpoDevice_privacy.bundle/Info.plist ... 
2025-04-16 09:04:59 +0000  785 bytes for ./Payload/ChatQA.app/ExpoDevice_privacy.bundle/Info.plist
copying file ./Payload/ChatQA.app/PrivacyInfo.xcprivacy ... 
2025-04-16 09:04:59 +0000  1330 bytes for ./Payload/ChatQA.app/PrivacyInfo.xcprivacy
2025-04-16 09:04:59 +0000  copying file ./Payload/ChatQA.app/ExpoNotifications_privacy.bundle/PrivacyInfo.xcprivacy ... 
2025-04-16 09:04:59 +0000  607 bytes for ./Payload/ChatQA.app/ExpoNotifications_privacy.bundle/PrivacyInfo.xcprivacy
2025-04-16 09:04:59 +0000  copying file ./Payload/ChatQA.app/ExpoNotifications_privacy.bundle/Info.plist ... 
2025-04-16 09:04:59 +0000  801 bytes for ./Payload/ChatQA.app/ExpoNotifications_privacy.bundle/Info.plist
2025-04-16 09:04:59 +0000  copying file ./Payload/ChatQA.app/ExpoMediaLibrary_privacy.bundle/PrivacyInfo.xcprivacy ... 
2025-04-16 09:04:59 +0000  608 bytes for ./Payload/ChatQA.app/ExpoMediaLibrary_privacy.bundle/PrivacyInfo.xcprivacy
2025-04-16 09:04:59 +0000  copying file ./Payload/ChatQA.app/ExpoMediaLibrary_privacy.bundle/Info.plist ... 
2025-04-16 09:04:59 +0000  798 bytes for ./Payload/ChatQA.app/ExpoMediaLibrary_privacy.bundle/Info.plist
2025-04-16 09:04:59 +0000  copying file ./Payload/ChatQA.app/ExpoFileSystem_privacy.bundle/PrivacyInfo.xcprivacy ... 
2025-04-16 09:04:59 +0000  877 bytes for ./Payload/ChatQA.app/ExpoFileSystem_privacy.bundle/PrivacyInfo.xcprivacy
2025-04-16 09:04:59 +0000  copying file ./Payload/ChatQA.app/ExpoFileSystem_privacy.bundle/Info.plist ... 
2025-04-16 09:04:59 +0000  795 bytes for ./Payload/ChatQA.app/ExpoFileSystem_privacy.bundle/Info.plist
2025-04-16 09:04:59 +0000  copying file ./Payload/ChatQA.app/boost_privacy.bundle/Info.plist ... 
2025-04-16 09:04:59 +0000  774 bytes for ./Payload/ChatQA.app/boost_privacy.bundle/Info.plist
2025-04-16 09:04:59 +0000  copying file ./Payload/ChatQA.app/modules.json ... 
2025-04-16 09:04:59 +0000  2 bytes for ./Payload/ChatQA.app/modules.json
2025-04-16 09:04:59 +0000  copying file ./Payload/ChatQA.app/Frameworks/hermes.framework/_CodeSignature/CodeResources ... 
2025-04-16 09:04:59 +0000  1798 bytes for ./Payload/ChatQA.app/Frameworks/hermes.framework/_CodeSignature/CodeResources
2025-04-16 09:04:59 +0000  copying file ./Payload/ChatQA.app/Frameworks/hermes.framework/hermes ... 
2025-04-16 09:04:59 +0000  4617120 bytes for ./Payload/ChatQA.app/Frameworks/hermes.framework/hermes
copying file ./Payload/ChatQA.app/Frameworks/hermes.framework/Info.plist ... 
2025-04-16 09:04:59 +0000  859 bytes for ./Payload/ChatQA.app/Frameworks/hermes.framework/Info.plist
copying file ./Payload/ChatQA.app/embedded.mobileprovision ... 
2025-04-16 09:04:59 +0000  14787 bytes for ./Payload/ChatQA.app/embedded.mobileprovision
2025-04-16 09:04:59 +0000  copying file ./Payload/ChatQA.app/assets/node_modules/@react-navigation/drawer/node_modules/@react-navigation/elements/lib/module/assets/back-icon@3x.png ... 
2025-04-16 09:04:59 +0000  761 bytes for ./Payload/ChatQA.app/assets/node_modules/@react-navigation/drawer/node_modules/@react-navigation/elements/lib/module/assets/back-icon@3x.png
2025-04-16 09:04:59 +0000  copying file ./Payload/ChatQA.app/assets/node_modules/@react-navigation/drawer/node_modules/@react-navigation/elements/lib/module/assets/back-icon@2x.png ... 
2025-04-16 09:04:59 +0000  405 bytes for ./Payload/ChatQA.app/assets/node_modules/@react-navigation/drawer/node_modules/@react-navigation/elements/lib/module/assets/back-icon@2x.png
copying file ./Payload/ChatQA.app/assets/node_modules/@react-navigation/drawer/node_modules/@react-navigation/elements/lib/module/assets/search-icon@2x.png ... 
2025-04-16 09:04:59 +0000  589 bytes for ./Payload/ChatQA.app/assets/node_modules/@react-navigation/drawer/node_modules/@react-navigation/elements/lib/module/assets/search-icon@2x.png
2025-04-16 09:04:59 +0000  copying file ./Payload/ChatQA.app/assets/node_modules/@react-navigation/drawer/node_modules/@react-navigation/elements/lib/module/assets/clear-icon@3x.png ... 
2025-04-16 09:04:59 +0000  502 bytes for ./Payload/ChatQA.app/assets/node_modules/@react-navigation/drawer/node_modules/@react-navigation/elements/lib/module/assets/clear-icon@3x.png
copying file ./Payload/ChatQA.app/assets/node_modules/@react-navigation/drawer/node_modules/@react-navigation/elements/lib/module/assets/back-icon.png ... 
2025-04-16 09:04:59 +0000  290 bytes for ./Payload/ChatQA.app/assets/node_modules/@react-navigation/drawer/node_modules/@react-navigation/elements/lib/module/assets/back-icon.png
2025-04-16 09:04:59 +0000  copying file ./Payload/ChatQA.app/assets/node_modules/@react-navigation/drawer/node_modules/@react-navigation/elements/lib/module/assets/clear-icon@2x.png ... 
2025-04-16 09:04:59 +0000  334 bytes for ./Payload/ChatQA.app/assets/node_modules/@react-navigation/drawer/node_modules/@react-navigation/elements/lib/module/assets/clear-icon@2x.png
2025-04-16 09:04:59 +0000  copying file ./Payload/ChatQA.app/assets/node_modules/@react-navigation/drawer/node_modules/@react-navigation/elements/lib/module/assets/search-icon@3x.png ... 
2025-04-16 09:04:59 +0000  839 bytes for ./Payload/ChatQA.app/assets/node_modules/@react-navigation/drawer/node_modules/@react-navigation/elements/lib/module/assets/search-icon@3x.png
copying file ./Payload/ChatQA.app/assets/node_modules/@react-navigation/drawer/node_modules/@react-navigation/elements/lib/module/assets/back-icon-mask.png ... 
2025-04-16 09:04:59 +0000  653 bytes for ./Payload/ChatQA.app/assets/node_modules/@react-navigation/drawer/node_modules/@react-navigation/elements/lib/module/assets/back-icon-mask.png
copying file ./Payload/ChatQA.app/assets/node_modules/@react-navigation/drawer/node_modules/@react-navigation/elements/lib/module/assets/clear-icon.png ... 
2025-04-16 09:04:59 +0000  220 bytes for ./Payload/ChatQA.app/assets/node_modules/@react-navigation/drawer/node_modules/@react-navigation/elements/lib/module/assets/clear-icon.png
copying file ./Payload/ChatQA.app/assets/node_modules/@react-navigation/drawer/node_modules/@react-navigation/elements/lib/module/assets/search-icon.png ... 
2025-04-16 09:04:59 +0000  317 bytes for ./Payload/ChatQA.app/assets/node_modules/@react-navigation/drawer/node_modules/@react-navigation/elements/lib/module/assets/search-icon.png
2025-04-16 09:04:59 +0000  copying file ./Payload/ChatQA.app/assets/node_modules/@react-navigation/drawer/lib/module/views/assets/toggle-drawer-icon@3x.png ... 
2025-04-16 09:04:59 +0000  212 bytes for ./Payload/ChatQA.app/assets/node_modules/@react-navigation/drawer/lib/module/views/assets/toggle-drawer-icon@3x.png
2025-04-16 09:04:59 +0000  copying file ./Payload/ChatQA.app/assets/node_modules/@react-navigation/drawer/lib/module/views/assets/toggle-drawer-icon@2x.png ... 
2025-04-16 09:04:59 +0000  163 bytes for ./Payload/ChatQA.app/assets/node_modules/@react-navigation/drawer/lib/module/views/assets/toggle-drawer-icon@2x.png
copying file ./Payload/ChatQA.app/assets/node_modules/@react-navigation/drawer/lib/module/views/assets/toggle-drawer-icon.png ... 
2025-04-16 09:04:59 +0000  108 bytes for ./Payload/ChatQA.app/assets/node_modules/@react-navigation/drawer/lib/module/views/assets/toggle-drawer-icon.png
2025-04-16 09:04:59 +0000  copying file ./Payload/ChatQA.app/assets/node_modules/@react-navigation/elements/lib/commonjs/assets/back-icon@3x.png ... 
2025-04-16 09:04:59 +0000  761 bytes for ./Payload/ChatQA.app/assets/node_modules/@react-navigation/elements/lib/commonjs/assets/back-icon@3x.png
copying file ./Payload/ChatQA.app/assets/node_modules/@react-navigation/elements/lib/commonjs/assets/back-icon@2x.png ... 
2025-04-16 09:04:59 +0000  405 bytes for ./Payload/ChatQA.app/assets/node_modules/@react-navigation/elements/lib/commonjs/assets/back-icon@2x.png
copying file ./Payload/ChatQA.app/assets/node_modules/@react-navigation/elements/lib/commonjs/assets/search-icon@2x.png ... 
2025-04-16 09:04:59 +0000  589 bytes for ./Payload/ChatQA.app/assets/node_modules/@react-navigation/elements/lib/commonjs/assets/search-icon@2x.png
copying file ./Payload/ChatQA.app/assets/node_modules/@react-navigation/elements/lib/commonjs/assets/clear-icon@3x.png ... 
2025-04-16 09:04:59 +0000  502 bytes for ./Payload/ChatQA.app/assets/node_modules/@react-navigation/elements/lib/commonjs/assets/clear-icon@3x.png
2025-04-16 09:04:59 +0000  copying file ./Payload/ChatQA.app/assets/node_modules/@react-navigation/elements/lib/commonjs/assets/back-icon.png ... 
2025-04-16 09:04:59 +0000  290 bytes for ./Payload/ChatQA.app/assets/node_modules/@react-navigation/elements/lib/commonjs/assets/back-icon.png
copying file ./Payload/ChatQA.app/assets/node_modules/@react-navigation/elements/lib/commonjs/assets/clear-icon@2x.png ... 
2025-04-16 09:04:59 +0000  334 bytes for ./Payload/ChatQA.app/assets/node_modules/@react-navigation/elements/lib/commonjs/assets/clear-icon@2x.png
2025-04-16 09:04:59 +0000  copying file ./Payload/ChatQA.app/assets/node_modules/@react-navigation/elements/lib/commonjs/assets/search-icon@3x.png ... 
2025-04-16 09:04:59 +0000  839 bytes for ./Payload/ChatQA.app/assets/node_modules/@react-navigation/elements/lib/commonjs/assets/search-icon@3x.png
copying file ./Payload/ChatQA.app/assets/node_modules/@react-navigation/elements/lib/commonjs/assets/close-icon.png ... 
2025-04-16 09:04:59 +0000  141 bytes for ./Payload/ChatQA.app/assets/node_modules/@react-navigation/elements/lib/commonjs/assets/close-icon.png
copying file ./Payload/ChatQA.app/assets/node_modules/@react-navigation/elements/lib/commonjs/assets/back-icon-mask.png ... 
2025-04-16 09:04:59 +0000  653 bytes for ./Payload/ChatQA.app/assets/node_modules/@react-navigation/elements/lib/commonjs/assets/back-icon-mask.png
copying file ./Payload/ChatQA.app/assets/node_modules/@react-navigation/elements/lib/commonjs/assets/close-icon@2x.png ... 
2025-04-16 09:04:59 +0000  201 bytes for ./Payload/ChatQA.app/assets/node_modules/@react-navigation/elements/lib/commonjs/assets/close-icon@2x.png
copying file ./Payload/ChatQA.app/assets/node_modules/@react-navigation/elements/lib/commonjs/assets/close-icon@3x.png ... 
2025-04-16 09:04:59 +0000  266 bytes for ./Payload/ChatQA.app/assets/node_modules/@react-navigation/elements/lib/commonjs/assets/close-icon@3x.png
copying file ./Payload/ChatQA.app/assets/node_modules/@react-navigation/elements/lib/commonjs/assets/clear-icon.png ... 
2025-04-16 09:04:59 +0000  220 bytes for ./Payload/ChatQA.app/assets/node_modules/@react-navigation/elements/lib/commonjs/assets/clear-icon.png
2025-04-16 09:04:59 +0000  copying file ./Payload/ChatQA.app/assets/node_modules/@react-navigation/elements/lib/commonjs/assets/search-icon.png ... 
2025-04-16 09:04:59 +0000  317 bytes for ./Payload/ChatQA.app/assets/node_modules/@react-navigation/elements/lib/commonjs/assets/search-icon.png
2025-04-16 09:04:59 +0000  copying file ./Payload/ChatQA.app/assets/node_modules/@expo/vector-icons/build/vendor/react-native-vector-icons/Fonts/Ionicons.ttf ... 
2025-04-16 09:04:59 +0000  442604 bytes for ./Payload/ChatQA.app/assets/node_modules/@expo/vector-icons/build/vendor/react-native-vector-icons/Fonts/Ionicons.ttf
copying file ./Payload/ChatQA.app/assets/node_modules/@expo/vector-icons/build/vendor/react-native-vector-icons/Fonts/FontAwesome.ttf ... 
2025-04-16 09:04:59 +0000  165548 bytes for ./Payload/ChatQA.app/assets/node_modules/@expo/vector-icons/build/vendor/react-native-vector-icons/Fonts/FontAwesome.ttf
copying file ./Payload/ChatQA.app/assets/node_modules/@expo/vector-icons/build/vendor/react-native-vector-icons/Fonts/MaterialIcons.ttf ... 
2025-04-16 09:04:59 +0000  356840 bytes for ./Payload/ChatQA.app/assets/node_modules/@expo/vector-icons/build/vendor/react-native-vector-icons/Fonts/MaterialIcons.ttf
2025-04-16 09:04:59 +0000  copying file ./Payload/ChatQA.app/assets/node_modules/expo-router/assets/pkg.png ... 
2025-04-16 09:04:59 +0000  364 bytes for ./Payload/ChatQA.app/assets/node_modules/expo-router/assets/pkg.png
copying file ./Payload/ChatQA.app/assets/node_modules/expo-router/assets/unmatched.png ... 
2025-04-16 09:04:59 +0000  4752 bytes for ./Payload/ChatQA.app/assets/node_modules/expo-router/assets/unmatched.png
copying file ./Payload/ChatQA.app/assets/node_modules/expo-router/assets/file.png ... 
2025-04-16 09:04:59 +0000  138 bytes for ./Payload/ChatQA.app/assets/node_modules/expo-router/assets/file.png
copying file ./Payload/ChatQA.app/assets/node_modules/expo-router/assets/forward.png ... 
2025-04-16 09:04:59 +0000  188 bytes for ./Payload/ChatQA.app/assets/node_modules/expo-router/assets/forward.png
copying file ./Payload/ChatQA.app/assets/node_modules/expo-router/assets/error.png ... 
2025-04-16 09:04:59 +0000  469 bytes for ./Payload/ChatQA.app/assets/node_modules/expo-router/assets/error.png
copying file ./Payload/ChatQA.app/assets/node_modules/expo-router/assets/sitemap.png ... 
2025-04-16 09:04:59 +0000  465 bytes for ./Payload/ChatQA.app/assets/node_modules/expo-router/assets/sitemap.png
2025-04-16 09:04:59 +0000  copying file ./Payload/ChatQA.app/assets/assets/images/emoji3.png ... 
2025-04-16 09:04:59 +0000  85163 bytes for ./Payload/ChatQA.app/assets/assets/images/emoji3.png
copying file ./Payload/ChatQA.app/assets/assets/images/emoji2.png ... 
2025-04-16 09:04:59 +0000  100920 bytes for ./Payload/ChatQA.app/assets/assets/images/emoji2.png
2025-04-16 09:04:59 +0000  copying file ./Payload/ChatQA.app/assets/assets/images/emoji1.png ... 
2025-04-16 09:04:59 +0000  60102 bytes for ./Payload/ChatQA.app/assets/assets/images/emoji1.png
2025-04-16 09:04:59 +0000  copying file ./Payload/ChatQA.app/assets/assets/images/emoji5.png ... 
2025-04-16 09:04:59 +0000  139021 bytes for ./Payload/ChatQA.app/assets/assets/images/emoji5.png
2025-04-16 09:04:59 +0000  copying file ./Payload/ChatQA.app/assets/assets/images/emoji4.png ... 
2025-04-16 09:04:59 +0000  69423 bytes for ./Payload/ChatQA.app/assets/assets/images/emoji4.png
2025-04-16 09:04:59 +0000  copying file ./Payload/ChatQA.app/assets/assets/images/emoji6.png ... 
2025-04-16 09:04:59 +0000  109092 bytes for ./Payload/ChatQA.app/assets/assets/images/emoji6.png
2025-04-16 09:04:59 +0000  copying file ./Payload/ChatQA.app/assets/assets/images/react-logo@2x.png ... 
2025-04-16 09:04:59 +0000  14225 bytes for ./Payload/ChatQA.app/assets/assets/images/react-logo@2x.png
2025-04-16 09:04:59 +0000  copying file ./Payload/ChatQA.app/assets/assets/images/background-image.png ... 
2025-04-16 09:04:59 +0000  332701 bytes for ./Payload/ChatQA.app/assets/assets/images/background-image.png
2025-04-16 09:04:59 +0000  copying file ./Payload/ChatQA.app/assets/assets/images/react-logo@3x.png ... 
2025-04-16 09:04:59 +0000  21252 bytes for ./Payload/ChatQA.app/assets/assets/images/react-logo@3x.png
copying file ./Payload/ChatQA.app/assets/assets/images/react-logo.png ... 
2025-04-16 09:04:59 +0000  6341 bytes for ./Payload/ChatQA.app/assets/assets/images/react-logo.png
2025-04-16 09:04:59 +0000  copying file ./Payload/ChatQA.app/assets/assets/fonts/SpaceMono-Regular.ttf ... 
2025-04-16 09:04:59 +0000  93252 bytes for ./Payload/ChatQA.app/assets/assets/fonts/SpaceMono-Regular.ttf
2025-04-16 09:04:59 +0000  copying file ./Payload/ChatQA.app/Info.plist ... 
2025-04-16 09:04:59 +0000  2447 bytes for ./Payload/ChatQA.app/Info.plist
2025-04-16 09:04:59 +0000  copying file ./Payload/ChatQA.app/Expo.plist ... 
2025-04-16 09:04:59 +0000  243 bytes for ./Payload/ChatQA.app/Expo.plist
2025-04-16 09:04:59 +0000  copying file ./Payload/ChatQA.app/PkgInfo ... 
2025-04-16 09:04:59 +0000  8 bytes for ./Payload/ChatQA.app/PkgInfo
2025-04-16 09:04:59 +0000  copying file ./Payload/ChatQA.app/React-Core_privacy.bundle/PrivacyInfo.xcprivacy ... 
2025-04-16 09:04:59 +0000  768 bytes for ./Payload/ChatQA.app/React-Core_privacy.bundle/PrivacyInfo.xcprivacy
2025-04-16 09:04:59 +0000  copying file ./Payload/ChatQA.app/React-Core_privacy.bundle/Info.plist ... 
2025-04-16 09:04:59 +0000  786 bytes for ./Payload/ChatQA.app/React-Core_privacy.bundle/Info.plist
2025-04-16 09:04:59 +0000  /usr/bin/ditto exited with 0
2025-04-16 09:04:59 +0000  Processing step: IDEDistributionAppStoreInformationStep
2025-04-16 09:04:59 +0000  Skipping step: IDEDistributionAppStoreInformationStep because it said so
2025-04-16 09:04:59 +0000  Processing step: IDEDistributionGenerateProcessedDistributionItems
2025-04-16 09:04:59 +0000  IDEDistributionItem init <DVTFilePath:0x600023f85c00:'/var/folders/61/v18llvms1tbdtpxxpx54qdvr0000gn/T/XcodeDistPipeline.~~~Ohjezl/Root/Payload/ChatQA.app/Frameworks/hermes.framework'>
2025-04-16 09:04:59 +0000  IDEDistributionItem init <DVTFilePath:0x60002f0416e0:'/var/folders/61/v18llvms1tbdtpxxpx54qdvr0000gn/T/XcodeDistPipeline.~~~Ohjezl/Root/Payload/ChatQA.app'>
2025-04-16 09:04:59 +0000  Processing step: IDEDistributionCreateManifestStep
